Component: ARM Compiler 5.05 update 1 (build 106) Tool: armlink [4d0efa]

==============================================================================

Section Cross References

    main.o(i.main) refers to delay.o(i.delay_init) for delay_init
    main.o(i.main) refers to misc.o(i.NVIC_PriorityGroupConfig) for NVIC_PriorityGroupConfig
    main.o(i.main) refers to usart.o(i.uart_init) for uart_init
    main.o(i.main) refers to led.o(i.LED_Init) for LED_Init
    main.o(i.main) refers to key.o(i.KEY_Init) for KEY_Init
    main.o(i.main) refers to lcd.o(i.LCD_Init) for LCD_Init
    main.o(i.main) refers to lsens.o(i.Lsens_Init) for Lsens_Init
    main.o(i.main) refers to w25qxx.o(i.W25QXX_Init) for W25QXX_Init
    main.o(i.main) refers to usart3.o(i.usart3_init) for usart3_init
    main.o(i.main) refers to malloc.o(i.my_mem_init) for my_mem_init
    main.o(i.main) refers to exfuns.o(i.exfuns_init) for exfuns_init
    main.o(i.main) refers to ff.o(i.f_mount) for f_mount
    main.o(i.main) refers to key.o(i.KEY_Scan) for KEY_Scan
    main.o(i.main) refers to lcd.o(i.LCD_Clear) for LCD_Clear
    main.o(i.main) refers to touch.o(i.TP_Adjust) for TP_Adjust
    main.o(i.main) refers to touch.o(i.TP_Save_Adjdata) for TP_Save_Adjdata
    main.o(i.main) refers to fontupd.o(i.font_init) for font_init
    main.o(i.main) refers to lcd.o(i.LCD_ShowString) for LCD_ShowString
    main.o(i.main) refers to delay.o(i.delay_ms) for delay_ms
    main.o(i.main) refers to lcd.o(i.LCD_Fill) for LCD_Fill
    main.o(i.main) refers to sdio_sdcard.o(i.SD_Init) for SD_Init
    main.o(i.main) refers to fontupd.o(i.update_font) for update_font
    main.o(i.main) refers to common.o(i.atk_8266_test) for atk_8266_test
    main.o(i.main) refers to usmart_config.o(.data) for usmart_dev
    main.o(i.main) refers to touch.o(.data) for tp_dev
    main.o(i.main) refers to exfuns.o(.data) for fs
    main.o(i.main) refers to lcd.o(.data) for POINT_COLOR
    system_stm32f10x.o(i.SetSysClock) refers to system_stm32f10x.o(i.SetSysClockTo72) for SetSysClockTo72
    system_stm32f10x.o(i.SystemCoreClockUpdate) refers to system_stm32f10x.o(.data) for SystemCoreClock
    system_stm32f10x.o(i.SystemInit) refers to system_stm32f10x.o(i.SetSysClock) for SetSysClock
    startup_stm32f10x_hd.o(STACK) refers (Special) to heapauxi.o(.text) for __use_two_region_memory
    startup_stm32f10x_hd.o(HEAP) refers (Special) to heapauxi.o(.text) for __use_two_region_memory
    startup_stm32f10x_hd.o(RESET) refers (Special) to heapauxi.o(.text) for __use_two_region_memory
    startup_stm32f10x_hd.o(RESET) refers to startup_stm32f10x_hd.o(STACK) for __initial_sp
    startup_stm32f10x_hd.o(RESET) refers to startup_stm32f10x_hd.o(.text) for Reset_Handler
    startup_stm32f10x_hd.o(RESET) refers to stm32f10x_it.o(i.NMI_Handler) for NMI_Handler
    startup_stm32f10x_hd.o(RESET) refers to stm32f10x_it.o(i.HardFault_Handler) for HardFault_Handler
    startup_stm32f10x_hd.o(RESET) refers to stm32f10x_it.o(i.MemManage_Handler) for MemManage_Handler
    startup_stm32f10x_hd.o(RESET) refers to stm32f10x_it.o(i.BusFault_Handler) for BusFault_Handler
    startup_stm32f10x_hd.o(RESET) refers to stm32f10x_it.o(i.UsageFault_Handler) for UsageFault_Handler
    startup_stm32f10x_hd.o(RESET) refers to stm32f10x_it.o(i.SVC_Handler) for SVC_Handler
    startup_stm32f10x_hd.o(RESET) refers to stm32f10x_it.o(i.DebugMon_Handler) for DebugMon_Handler
    startup_stm32f10x_hd.o(RESET) refers to stm32f10x_it.o(i.PendSV_Handler) for PendSV_Handler
    startup_stm32f10x_hd.o(RESET) refers to stm32f10x_it.o(i.SysTick_Handler) for SysTick_Handler
    startup_stm32f10x_hd.o(RESET) refers to usmart.o(i.TIM4_IRQHandler) for TIM4_IRQHandler
    startup_stm32f10x_hd.o(RESET) refers to usart.o(i.USART1_IRQHandler) for USART1_IRQHandler
    startup_stm32f10x_hd.o(RESET) refers to usart3.o(i.USART3_IRQHandler) for USART3_IRQHandler
    startup_stm32f10x_hd.o(RESET) refers to sdio_sdcard.o(i.SDIO_IRQHandler) for SDIO_IRQHandler
    startup_stm32f10x_hd.o(RESET) refers to timer.o(i.TIM7_IRQHandler) for TIM7_IRQHandler
    startup_stm32f10x_hd.o(.text) refers (Special) to heapauxi.o(.text) for __use_two_region_memory
    startup_stm32f10x_hd.o(.text) refers to system_stm32f10x.o(i.SystemInit) for SystemInit
    startup_stm32f10x_hd.o(.text) refers to __main.o(!!!main) for __main
    startup_stm32f10x_hd.o(.text) refers to startup_stm32f10x_hd.o(HEAP) for Heap_Mem
    startup_stm32f10x_hd.o(.text) refers to startup_stm32f10x_hd.o(STACK) for Stack_Mem
    delay.o(i.delay_init) refers to misc.o(i.SysTick_CLKSourceConfig) for SysTick_CLKSourceConfig
    delay.o(i.delay_init) refers to system_stm32f10x.o(.data) for SystemCoreClock
    delay.o(i.delay_init) refers to delay.o(.data) for fac_us
    delay.o(i.delay_ms) refers to delay.o(.data) for fac_ms
    delay.o(i.delay_us) refers to delay.o(.data) for fac_us
    usart.o(i.USART1_IRQHandler) refers (Special) to use_no_semi_2.o(.text) for __use_no_semihosting
[...]
    SDIO_GetFlagStatus                       0x080082d9   Thumb Code    20  stm32f10x_sdio.o(i.SDIO_GetFlagStatus)
    SDIO_GetPowerState                       0x080082f1   Thumb Code    10  stm32f10x_sdio.o(i.SDIO_GetPowerState)
    SDIO_IRQHandler                          0x08008301   Thumb Code     8  sdio_sdcard.o(i.SDIO_IRQHandler)
    SDIO_Init                                0x08008309   Thumb Code    42  stm32f10x_sdio.o(i.SDIO_Init)
    SDIO_ReadData                            0x08008339   Thumb Code     6  stm32f10x_sdio.o(i.SDIO_ReadData)
    SDIO_SendCommand                         0x08008345   Thumb Code    38  stm32f10x_sdio.o(i.SDIO_SendCommand)
    SDIO_SetPowerState                       0x08008371   Thumb Code    22  stm32f10x_sdio.o(i.SDIO_SetPowerState)
    SDIO_WriteData                           0x0800838d   Thumb Code     6  stm32f10x_sdio.o(i.SDIO_WriteData)
    SD_DMA_Config                            0x08008399   Thumb Code    94  sdio_sdcard.o(i.SD_DMA_Config)
    SD_EnableWideBusOperation                0x08008401   Thumb Code    94  sdio_sdcard.o(i.SD_EnableWideBusOperation)
    SD_GetCardInfo                           0x08008469   Thumb Code   772  sdio_sdcard.o(i.SD_GetCardInfo)
    SD_Init                                  0x0800877d   Thumb Code   238  sdio_sdcard.o(i.SD_Init)
    SD_InitializeCards                       0x0800887d   Thumb Code   316  sdio_sdcard.o(i.SD_InitializeCards)
    SD_PowerON                               0x080089d1   Thumb Code   450  sdio_sdcard.o(i.SD_PowerON)
    SD_ProcessIRQSrc                         0x08008bad   Thumb Code   296  sdio_sdcard.o(i.SD_ProcessIRQSrc)
    SD_ReadBlock                             0x08008ce9   Thumb Code   558  sdio_sdcard.o(i.SD_ReadBlock)
    SD_ReadDisk                              0x08008f41   Thumb Code   152  sdio_sdcard.o(i.SD_ReadDisk)
    SD_ReadMultiBlocks                       0x08008fe1   Thumb Code   698  sdio_sdcard.o(i.SD_ReadMultiBlocks)
    SD_SelectDeselect                        0x080092c9   Thumb Code    42  sdio_sdcard.o(i.SD_SelectDeselect)
    SD_SetDeviceMode                         0x080092f9   Thumb Code    20  sdio_sdcard.o(i.SD_SetDeviceMode)
    SD_WriteBlock                            0x08009311   Thumb Code   844  sdio_sdcard.o(i.SD_WriteBlock)
    SD_WriteDisk                             0x08009685   Thumb Code   152  sdio_sdcard.o(i.SD_WriteDisk)
    SD_WriteMultiBlocks                      0x08009725   Thumb Code   920  sdio_sdcard.o(i.SD_WriteMultiBlocks)
    SPI2_Init                                0x08009ae5   Thumb Code   140  spi.o(i.SPI2_Init)
    SPI2_ReadWriteByte                       0x08009b79   Thumb Code    78  spi.o(i.SPI2_ReadWriteByte)
    SPI2_SetSpeed                            0x08009bcd   Thumb Code    36  spi.o(i.SPI2_SetSpeed)
    SPI_Cmd                                  0x08009bf5   Thumb Code    24  stm32f10x_spi.o(i.SPI_Cmd)
    SPI_I2S_GetFlagStatus                    0x08009c0d   Thumb Code    18  stm32f10x_spi.o(i.SPI_I2S_GetFlagStatus)
    SPI_I2S_ReceiveData                      0x08009c1f   Thumb Code     6  stm32f10x_spi.o(i.SPI_I2S_ReceiveData)
    SPI_I2S_SendData                         0x08009c25   Thumb Code     4  stm32f10x_spi.o(i.SPI_I2S_SendData)
    SPI_Init                                 0x08009c29   Thumb Code    60  stm32f10x_spi.o(i.SPI_Init)
    SVC_Handler                              0x08009c65   Thumb Code     2  stm32f10x_it.o(i.SVC_Handler)
    Show_Font                                0x08009d51   Thumb Code   190  text.o(i.Show_Font)
    Show_Str                                 0x08009e19   Thumb Code   194  text.o(i.Show_Str)
    Show_Str_Mid                             0x08009edd   Thumb Code   106  text.o(i.Show_Str_Mid)
    SysTick_CLKSourceConfig                  0x08009f4d   Thumb Code    40  misc.o(i.SysTick_CLKSourceConfig)
    SysTick_Handler                          0x08009f75   Thumb Code     2  stm32f10x_it.o(i.SysTick_Handler)
    SystemInit                               0x08009f79   Thumb Code    78  system_stm32f10x.o(i.SystemInit)
    TIM4_IRQHandler                          0x08009fd9   Thumb Code    46  usmart.o(i.TIM4_IRQHandler)
    TIM7_IRQHandler                          0x0800a011   Thumb Code    42  timer.o(i.TIM7_IRQHandler)
    TIM7_Int_Init                            0x0800a045   Thumb Code    90  timer.o(i.TIM7_Int_Init)
    TIM_ClearFlag                            0x0800a0a5   Thumb Code     6  stm32f10x_tim.o(i.TIM_ClearFlag)
    TIM_ClearITPendingBit                    0x0800a0ab   Thumb Code     6  stm32f10x_tim.o(i.TIM_ClearITPendingBit)
    TIM_Cmd                                  0x0800a0b1   Thumb Code    24  stm32f10x_tim.o(i.TIM_Cmd)
    TIM_GetCounter                           0x0800a0c9   Thumb Code     6  stm32f10x_tim.o(i.TIM_GetCounter)
    TIM_GetFlagStatus                        0x0800a0cf   Thumb Code    18  stm32f10x_tim.o(i.TIM_GetFlagStatus)
    TIM_GetITStatus                          0x0800a0e1   Thumb Code    34  stm32f10x_tim.o(i.TIM_GetITStatus)
    TIM_ITConfig                             0x0800a103   Thumb Code    18  stm32f10x_tim.o(i.TIM_ITConfig)
    TIM_SetAutoreload                        0x0800a115   Thumb Code     4  stm32f10x_tim.o(i.TIM_SetAutoreload)
    TIM_SetCounter                           0x0800a119   Thumb Code     4  stm32f10x_tim.o(i.TIM_SetCounter)
    TIM_TimeBaseInit                         0x0800a11d   Thumb Code   122  stm32f10x_tim.o(i.TIM_TimeBaseInit)
    TP_Adj_Info_Show                         0x0800a1c1   Thumb Code   374  touch.o(i.TP_Adj_Info_Show)
    TP_Adjust                                0x0800a369   Thumb Code  2058  touch.o(i.TP_Adjust)
    TP_Drow_Touch_Point                      0x0800abc5   Thumb Code   108  touch.o(i.TP_Drow_Touch_Point)
    TP_Get_Adjdata                           0x0800ac35   Thumb Code    68  touch.o(i.TP_Get_Adjdata)
    TP_Init                                  0x0800ac85   Thumb Code   330  touch.o(i.TP_Init)
    TP_Read_AD                               0x0800aded   Thumb Code   132  touch.o(i.TP_Read_AD)
    TP_Read_XOY                              0x0800ae81   Thumb Code   120  touch.o(i.TP_Read_XOY)
    TP_Read_XY                               0x0800aef9   Thumb Code    38  touch.o(i.TP_Read_XY)
    TP_Read_XY2                              0x0800af29   Thumb Code   192  touch.o(i.TP_Read_XY2)
    TP_Save_Adjdata                          0x0800afe9   Thumb Code    22  touch.o(i.TP_Save_Adjdata)
    TP_Scan                                  0x0800b005   Thumb Code   262  touch.o(i.TP_Scan)
    TP_Write_Byte                            0x0800b115   Thumb Code    64  touch.o(i.TP_Write_Byte)
    Timer4_Init                              0x0800b161   Thumb Code    88  usmart.o(i.Timer4_Init)
    USART1_IRQHandler                        0x0800b1bd   Thumb Code   122  usart.o(i.USART1_IRQHandler)
    USART3_IRQHandler                        0x0800b245   Thumb Code    94  usart3.o(i.USART3_IRQHandler)
    USART_Cmd                                0x0800b2b5   Thumb Code    24  stm32f10x_usart.o(i.USART_Cmd)
    USART_DeInit                             0x0800b2cd   Thumb Code   134  stm32f10x_usart.o(i.USART_DeInit)
    USART_GetFlagStatus                      0x0800b369   Thumb Code    26  stm32f10x_usart.o(i.USART_GetFlagStatus)
    USART_GetITStatus                        0x0800b383   Thumb Code    84  stm32f10x_usart.o(i.USART_GetITStatus)
    USART_ITConfig                           0x0800b3d7   Thumb Code    74  stm32f10x_usart.o(i.USART_ITConfig)
    USART_Init                               0x0800b421   Thumb Code   210  stm32f10x_usart.o(i.USART_Init)
    USART_ReceiveData                        0x0800b4f9   Thumb Code    10  stm32f10x_usart.o(i.USART_ReceiveData)
    USART_SendData                           0x0800b503   Thumb Code     8  stm32f10x_usart.o(i.USART_SendData)
    UsageFault_Handler                       0x0800b50b   Thumb Code     4  stm32f10x_it.o(i.UsageFault_Handler)
    W25QXX_Erase_Sector                      0x0800b511   Thumb Code    70  w25qxx.o(i.W25QXX_Erase_Sector)
    W25QXX_Init                              0x0800b569   Thumb Code    74  w25qxx.o(i.W25QXX_Init)
    W25QXX_Read                              0x0800b5c1   Thumb Code    74  w25qxx.o(i.W25QXX_Read)
    W25QXX_ReadID                            0x0800b611   Thumb Code    64  w25qxx.o(i.W25QXX_ReadID)
    W25QXX_ReadSR                            0x0800b659   Thumb Code    36  w25qxx.o(i.W25QXX_ReadSR)
    W25QXX_Wait_Busy                         0x0800b685   Thumb Code    18  w25qxx.o(i.W25QXX_Wait_Busy)
    W25QXX_Write                             0x0800b699   Thumb Code   180  w25qxx.o(i.W25QXX_Write)
    W25QXX_Write_Enable                      0x0800b751   Thumb Code    24  w25qxx.o(i.W25QXX_Write_Enable)
    W25QXX_Write_NoCheck                     0x0800b771   Thumb Code    70  w25qxx.o(i.W25QXX_Write_NoCheck)
    W25QXX_Write_Page                        0x0800b7b9   Thumb Code    80  w25qxx.o(i.W25QXX_Write_Page)
    __ARM_fpclassify                         0x0800b80d   Thumb Code    40  fpclassify.o(i.__ARM_fpclassify)
    _is_digit                                0x0800b835   Thumb Code    14  __printf_wp.o(i._is_digit)
    _sys_exit                                0x0800b843   Thumb Code     6  usart.o(i._sys_exit)
    atk_8266_at_response                     0x0800b849   Thumb Code    46  common.o(i.atk_8266_at_response)
    atk_8266_check_cmd                       0x0800b885   Thumb Code    44  common.o(i.atk_8266_check_cmd)
    atk_8266_consta_check                    0x0800b8b9   Thumb Code    36  common.o(i.atk_8266_consta_check)
    atk_8266_get_keynum                      0x0800b8fd   Thumb Code   230  common.o(i.atk_8266_get_keynum)
    atk_8266_get_wanip                       0x0800b9ed   Thumb Code    58  common.o(i.atk_8266_get_wanip)
    atk_8266_ip_set                          0x0800ba41   Thumb Code   366  common.o(i.atk_8266_ip_set)
    atk_8266_key_staset                      0x0800bbed   Thumb Code   292  common.o(i.atk_8266_key_staset)
    atk_8266_load_keyboard                   0x0800bd19   Thumb Code   280  common.o(i.atk_8266_load_keyboard)
    atk_8266_msg_show                        0x0800be3d   Thumb Code   648  common.o(i.atk_8266_msg_show)
    atk_8266_mtest_ui                        0x0800c191   Thumb Code    74  common.o(i.atk_8266_mtest_ui)
    atk_8266_quit_trans                      0x0800c201   Thumb Code   100  common.o(i.atk_8266_quit_trans)
    atk_8266_send_cmd                        0x0800c271   Thumb Code    92  common.o(i.atk_8266_send_cmd)
    atk_8266_test                            0x0800c2e5   Thumb Code   274  common.o(i.atk_8266_test)
    atk_8266_wificonf_show                   0x0800c48d   Thumb Code   230  common.o(i.atk_8266_wificonf_show)
    atk_8266_wifista_test                    0x0800c595   Thumb Code  1966  wifista.o(i.atk_8266_wifista_test)
    clust2sect                               0x0800ce57   Thumb Code    26  ff.o(i.clust2sect)
    convert_from_bytes_to_power_of_two       0x0800cf01   Thumb Code    18  sdio_sdcard.o(i.convert_from_bytes_to_power_of_two)
    delay_init                               0x0800d259   Thumb Code    50  delay.o(i.delay_init)
    delay_ms                                 0x0800d29d   Thumb Code    72  delay.o(i.delay_ms)
    delay_us                                 0x0800d2e9   Thumb Code    72  delay.o(i.delay_us)
    dir_sdi                                  0x0800d6b3   Thumb Code   158  ff.o(i.dir_sdi)
    disk_initialize                          0x0800d751   Thumb Code    52  diskio.o(i.disk_initialize)
    disk_ioctl                               0x0800d789   Thumb Code   170  diskio.o(i.disk_ioctl)
    disk_read                                0x0800d83d   Thumb Code   122  diskio.o(i.disk_read)
    disk_status                              0x0800d8b7   Thumb Code     6  diskio.o(i.disk_status)
    disk_write                               0x0800d8bd   Thumb Code   122  diskio.o(i.disk_write)
    exfuns_init                              0x0800d939   Thumb Code   114  exfuns.o(i.exfuns_init)
    f_close                                  0x0800d9bd   Thumb Code    32  ff.o(i.f_close)
    f_mount                                  0x0800d9dd   Thumb Code    86  ff.o(i.f_mount)
    f_open                                   0x0800da39   Thumb Code   384  ff.o(i.f_open)
    f_read                                   0x0800dbb9   Thumb Code   432  ff.o(i.f_read)
    f_sync                                   0x0800dd69   Thumb Code   176  ff.o(i.f_sync)
    ff_convert                               0x0800de19   Thumb Code   146  mycc936.o(i.ff_convert)
    ff_memalloc                              0x0800deb1   Thumb Code    14  diskio.o(i.ff_memalloc)
    ff_memfree                               0x0800debf   Thumb Code    14  diskio.o(i.ff_memfree)
    ff_wtoupper                              0x0800decd   Thumb Code    46  mycc936.o(i.ff_wtoupper)
    font_init                                0x0800e3a9   Thumb Code    64  fontupd.o(i.font_init)
    fputc                                    0x0800e3ed   Thumb Code    24  usart.o(i.fputc)
    fupd_prog                                0x0800e409   Thumb Code   134  fontupd.o(i.fupd_prog)
    get_fat                                  0x0800e565   Thumb Code   242  ff.o(i.get_fat)
    get_fattime                              0x0800e657   Thumb Code     4  diskio.o(i.get_fattime)
    main                                     0x0800e6c5   Thumb Code   412  main.o(i.main)
    my_itoa                                  0x0800e96d   Thumb Code    74  wifista.o(i.my_itoa)
    my_mem_free                              0x0800e9bd   Thumb Code    96  malloc.o(i.my_mem_free)
    my_mem_init                              0x0800ea29   Thumb Code    54  malloc.o(i.my_mem_init)
    my_mem_malloc                            0x0800ea6d   Thumb Code   156  malloc.o(i.my_mem_malloc)
    my_mem_perused                           0x0800eb15   Thumb Code    54  malloc.o(i.my_mem_perused)
    myfree                                   0x0800eb55   Thumb Code    30  malloc.o(i.myfree)
    mymalloc                                 0x0800eb79   Thumb Code    34  malloc.o(i.mymalloc)
    mymemset                                 0x0800eba1   Thumb Code    20  malloc.o(i.mymemset)
    put_fat                                  0x0800ebb5   Thumb Code   322  ff.o(i.put_fat)
    read_addr                                0x0800ecf7   Thumb Code     6  usmart.o(i.read_addr)
    reverse                                  0x0800ed69   Thumb Code    38  wifista.o(i.reverse)
    sqrt                                     0x0800ed8f   Thumb Code    76  sqrt.o(i.sqrt)
    u3_printf                                0x0800ef25   Thumb Code    72  usart3.o(i.u3_printf)
    uart_init                                0x0800ef75   Thumb Code   152  usart.o(i.uart_init)
    updata_fontx                             0x0800f015   Thumb Code   346  fontupd.o(i.updata_fontx)
    update_font                              0x0800f179   Thumb Code   784  fontupd.o(i.update_font)
    usart3_init                              0x0800f50d   Thumb Code   192  usart3.o(i.usart3_init)
    usmart_cmd_rec                           0x0800f5dd   Thumb Code   170  usmart.o(i.usmart_cmd_rec)
    usmart_exe                               0x0800f68d   Thumb Code   632  usmart.o(i.usmart_exe)
    usmart_get_aparm                         0x0800f961   Thumb Code   200  usmart_str.o(i.usmart_get_aparm)
    usmart_get_cmdname                       0x0800fa29   Thumb Code    54  usmart_str.o(i.usmart_get_cmdname)
    usmart_get_fname                         0x0800fa61   Thumb Code   440  usmart_str.o(i.usmart_get_fname)
    usmart_get_fparam                        0x0800fc21   Thumb Code   262  usmart_str.o(i.usmart_get_fparam)
    usmart_get_parmpos                       0x0800fd2d   Thumb Code    26  usmart_str.o(i.usmart_get_parmpos)
    usmart_get_runtime                       0x0800fd4d   Thumb Code    60  usmart.o(i.usmart_get_runtime)
    usmart_init                              0x0800fd91   Thumb Code    36  usmart.o(i.usmart_init)
    usmart_pow                               0x0800fdb9   Thumb Code    22  usmart_str.o(i.usmart_pow)
    usmart_reset_runtime                     0x0800fdd1   Thumb Code    38  usmart.o(i.usmart_reset_runtime)
    usmart_scan                              0x0800fe01   Thumb Code   120  usmart.o(i.usmart_scan)
    usmart_search_nextc                      0x0800febd   Thumb Code    22  usmart_str.o(i.usmart_search_nextc)
    usmart_str2num                           0x0800fed3   Thumb Code   202  usmart_str.o(i.usmart_str2num)
    usmart_strcmp                            0x0800ff9d   Thumb Code    34  usmart_str.o(i.usmart_strcmp)
    usmart_strcopy                           0x0800ffbf   Thumb Code    22  usmart_str.o(i.usmart_strcopy)
    usmart_strlen                            0x0800ffd5   Thumb Code    24  usmart_str.o(i.usmart_strlen)
    usmart_sys_cmd_exe                       0x0800ffed   Thumb Code  1554  usmart.o(i.usmart_sys_cmd_exe)
    write_addr                               0x08010707   Thumb Code     4  usmart.o(i.write_addr)
    _get_lc_ctype                            0x0801070d   Thumb Code    44  lc_ctype_c.o(locale$$code)
    _get_lc_numeric                          0x08010739   Thumb Code    44  lc_numeric_c.o(locale$$code)
    __aeabi_dadd                             0x08010765   Thumb Code     0  daddsub_clz.o(x$fpl$dadd)
    _dadd                                    0x08010765   Thumb Code   332  daddsub_clz.o(x$fpl$dadd)
    __fpl_dcmp_Inf                           0x080108b5   Thumb Code    24  dcmpi.o(x$fpl$dcmpinf)
    __aeabi_d2uiz                            0x080108cd   Thumb Code     0  dfixu.o(x$fpl$dfixu)
    _dfixu                                   0x080108cd   Thumb Code    90  dfixu.o(x$fpl$dfixu)
    __aeabi_i2d                              0x08010927   Thumb Code     0  dflt_clz.o(x$fpl$dflt)
    _dflt                                    0x08010927   Thumb Code    46  dflt_clz.o(x$fpl$dflt)
    __aeabi_ui2d                             0x08010955   Thumb Code     0  dflt_clz.o(x$fpl$dfltu)
    _dfltu                                   0x08010955   Thumb Code    38  dflt_clz.o(x$fpl$dfltu)
    __aeabi_cdcmple                          0x0801097d   Thumb Code     0  dleqf.o(x$fpl$dleqf)
    _dcmple                                  0x0801097d   Thumb Code   120  dleqf.o(x$fpl$dleqf)
    __fpl_dcmple_InfNaN                      0x080109df   Thumb Code     0  dleqf.o(x$fpl$dleqf)
    __aeabi_dmul                             0x080109f5   Thumb Code     0  dmul.o(x$fpl$dmul)
    _dmul                                    0x080109f5   Thumb Code   332  dmul.o(x$fpl$dmul)
    __fpl_dnaninf                            0x08010b49   Thumb Code   156  dnaninf.o(x$fpl$dnaninf)
    __fpl_dretinf                            0x08010be5   Thumb Code    12  dretinf.o(x$fpl$dretinf)
    __aeabi_cdrcmple                         0x08010bf1   Thumb Code     0  drleqf.o(x$fpl$drleqf)
    _drcmple                                 0x08010bf1   Thumb Code   108  drleqf.o(x$fpl$drleqf)
    __aeabi_drsub                            0x08010c5d   Thumb Code     0  daddsub_clz.o(x$fpl$drsb)
    _drsb                                    0x08010c5d   Thumb Code    22  daddsub_clz.o(x$fpl$drsb)
    _dsqrt                                   0x08010c75   Thumb Code   456  dsqrt_noumaal.o(x$fpl$dsqrt)
    __aeabi_dsub                             0x08010e41   Thumb Code     0  daddsub_clz.o(x$fpl$dsub)
    _dsub                                    0x08010e41   Thumb Code   464  daddsub_clz.o(x$fpl$dsub)
    __aeabi_f2d                              0x08011015   Thumb Code     0  f2d.o(x$fpl$f2d)
    _f2d                                     0x08011015   Thumb Code    86  f2d.o(x$fpl$f2d)
    __aeabi_fadd                             0x0801106d   Thumb Code     0  faddsub_clz.o(x$fpl$fadd)
    _fadd                                    0x0801106d   Thumb Code   196  faddsub_clz.o(x$fpl$fadd)
    __fpl_fcmp_Inf                           0x08011131   Thumb Code    24  fcmpi.o(x$fpl$fcmpinf)
    __aeabi_fdiv                             0x08011149   Thumb Code     0  fdiv.o(x$fpl$fdiv)
    _fdiv                                    0x08011149   Thumb Code   384  fdiv.o(x$fpl$fdiv)
    __aeabi_cfcmpeq                          0x080112cd   Thumb Code     0  feqf.o(x$fpl$feqf)
    _fcmpeq                                  0x080112cd   Thumb Code   104  feqf.o(x$fpl$feqf)
    __aeabi_f2iz                             0x08011335   Thumb Code     0  ffix.o(x$fpl$ffix)
    _ffix                                    0x08011335   Thumb Code    54  ffix.o(x$fpl$ffix)
    __aeabi_f2uiz                            0x0801136d   Thumb Code     0  ffixu.o(x$fpl$ffixu)
    _ffixu                                   0x0801136d   Thumb Code    62  ffixu.o(x$fpl$ffixu)
    __aeabi_i2f                              0x080113ad   Thumb Code     0  fflt_clz.o(x$fpl$fflt)
    _fflt                                    0x080113ad   Thumb Code    48  fflt_clz.o(x$fpl$fflt)
    __aeabi_ui2f                             0x080113dd   Thumb Code     0  fflt_clz.o(x$fpl$ffltu)
    _ffltu                                   0x080113dd   Thumb Code    38  fflt_clz.o(x$fpl$ffltu)
    __aeabi_fmul                             0x08011405   Thumb Code     0  fmul.o(x$fpl$fmul)
    _fmul                                    0x08011405   Thumb Code   258  fmul.o(x$fpl$fmul)
    __fpl_fnaninf                            0x08011507   Thumb Code   140  fnaninf.o(x$fpl$fnaninf)
    __fpl_fretinf                            0x08011593   Thumb Code    10  fretinf.o(x$fpl$fretinf)
    __aeabi_fsub                             0x0801159d   Thumb Code     0  faddsub_clz.o(x$fpl$fsub)
    _fsub                                    0x0801159d   Thumb Code   234  faddsub_clz.o(x$fpl$fsub)
    _printf_fp_dec                           0x08011687   Thumb Code     4  printf1.o(x$fpl$printf1)
    __I$use$fp                               0x0801168a   Number         0  usenofp.o(x$fpl$usenofp)
    asc2_1206                                0x0801168a   Data        1140  lcd.o(.constdata)
    asc2_1608                                0x08011afe   Data        1520  lcd.o(.constdata)
    asc2_2412                                0x080120ee   Data        3420  lcd.o(.constdata)
    FT5206_TPX_TBL                           0x08012e4a   Data          10  ft5206.o(.constdata)
    GT9147_CFG_TBL                           0x08012e54   Data         184  gt9147.o(.constdata)
    GT9147_TPX_TBL                           0x08012f0c   Data          10  gt9147.o(.constdata)
    OTT_TPX_TBL                              0x08012f16   Data          10  ott2001a.o(.constdata)
    TP_REMIND_MSG_TBL                        0x08012f20   Data           4  touch.o(.constdata)
    memtblsize                               0x08012f24   Data           8  malloc.o(.constdata)
    memblksize                               0x08012f2c   Data           8  malloc.o(.constdata)
    memsize                                  0x08012f34   Data           8  malloc.o(.constdata)
    GBK24_PATH                               0x08013338   Data           4  fontupd.o(.constdata)
    GBK16_PATH                               0x0801333c   Data           4  fontupd.o(.constdata)
    GBK12_PATH                               0x08013340   Data           4  fontupd.o(.constdata)
    UNIGBK_PATH                              0x08013344   Data           4  fontupd.o(.constdata)
    Region$$Table$$Base                      0x08013694   Number         0  anon$$obj.o(Region$$Table)
    Region$$Table$$Limit                     0x080136b4   Number         0  anon$$obj.o(Region$$Table)
    __ctype                                  0x080136c1   Data           0  lc_ctype_c.o(locale$$data)
    SystemCoreClock                          0x20000000   Data           4  system_stm32f10x.o(.data)
    AHBPrescTable                            0x20000004   Data          16  system_stm32f10x.o(.data)
    __stdout                                 0x20000018   Data           4  usart.o(.data)
    USART_RX_STA                             0x2000001c   Data           2  usart.o(.data)
    POINT_COLOR                              0x20000020   Data           2  lcd.o(.data)
    BACK_COLOR                               0x20000022   Data           2  lcd.o(.data)
    TransferError                            0x2000002e   Data           1  sdio_sdcard.o(.data)
    TransferEnd                              0x2000002f   Data           1  sdio_sdcard.o(.data)
    tempbuff                                 0x20000030   Data           4  sdio_sdcard.o(.data)
    tp_dev                                   0x20000038   Data          52  touch.o(.data)
    CMD_RDX                                  0x2000006c   Data           1  touch.o(.data)
    CMD_RDY                                  0x2000006d   Data           1  touch.o(.data)
    USART3_RX_STA                            0x2000006e   Data           2  usart3.o(.data)
    W25QXX_TYPE                              0x20000070   Data           2  w25qxx.o(.data)
    mallco_dev                               0x20000088   Data          28  malloc.o(.data)
    sys_cmd_tab                              0x200000a4   Data          28  usmart.o(.data)
    usmart_nametab                           0x200000c0   Data          32  usmart_config.o(.data)
    usmart_dev                               0x200000e0   Data         244  usmart_config.o(.data)
    FLASH_SECTOR_COUNT                       0x200001d4   Data           2  diskio.o(.data)
    fs                                       0x200001e4   Data           8  exfuns.o(.data)
    file                                     0x200001ec   Data           4  exfuns.o(.data)
    ftemp                                    0x200001f0   Data           4  exfuns.o(.data)
    br                                       0x200001f4   Data           4  exfuns.o(.data)
    bw                                       0x200001f8   Data           4  exfuns.o(.data)
    fatbuf                                   0x200001fc   Data           4  exfuns.o(.data)
    portnum                                  0x20000200   Data           4  common.o(.data)
    wifista_ssid                             0x20000204   Data           4  common.o(.data)
    wifista_encryption                       0x20000208   Data           4  common.o(.data)
    wifista_password                         0x2000020c   Data           4  common.o(.data)
    wifiap_ssid                              0x20000210   Data           4  common.o(.data)
    wifiap_encryption                        0x20000214   Data           4  common.o(.data)
    wifiap_password                          0x20000218   Data           4  common.o(.data)
    ATK_ESP8266_CWMODE_TBL                   0x2000021c   Data          12  common.o(.data)
    ATK_ESP8266_WORKMODE_TBL                 0x20000228   Data          12  common.o(.data)
    ATK_ESP8266_ECN_TBL                      0x20000234   Data          20  common.o(.data)
    kbd_tbl                                  0x20000248   Data          52  common.o(.data)
    kbd_fn_tbl                               0x2000027c   Data           8  common.o(.data)
    netpro                                   0x20000285   Data           1  wifista.o(.data)
    USART_RX_BUF                             0x20000288   Data         200  usart.o(.bss)
    lcddev                                   0x20000350   Data          14  lcd.o(.bss)
    SDIO_InitStructure                       0x20000360   Data          24  sdio_sdcard.o(.bss)
    SDIO_CmdInitStructure                    0x20000378   Data          20  sdio_sdcard.o(.bss)
    SDIO_DataInitStructure                   0x2000038c   Data          24  sdio_sdcard.o(.bss)
    SDCardInfo                               0x200003c8   Data          88  sdio_sdcard.o(.bss)
    SDIO_DATA_BUFFER                         0x20000420   Data         512  sdio_sdcard.o(.bss)
    USART3_RX_BUF                            0x20000620   Data         600  usart3.o(.bss)
    USART3_TX_BUF                            0x20000878   Data         600  usart3.o(.bss)
    W25QXX_BUFFER                            0x20000ad0   Data        4096  w25qxx.o(.bss)
    mem1base                                 0x20001ae0   Data       40960  malloc.o(.bss)
    mem1mapbase                              0x2000bae0   Data        2560  malloc.o(.bss)
    ftinfo                                   0x2000c4e0   Data          33  fontupd.o(.bss)
    __libspace_start                         0x2000c568   Data          96  libspace.o(.bss)
    __temporary_stack_top$libspace           0x2000c5c8   Data           0  libspace.o(.bss)
    mem2base                                 0x68000000   Data       983040  malloc.o(.ARM.__AT_0x68000000)
    mem2mapbase                              0x680f0000   Data       61440  malloc.o(.ARM.__AT_0x680F0000)



==============================================================================

Memory Map of the image

  Image Entry point : 0x08000131

  Load Region LR_IROM1 (Base: 0x08000000, Size: 0x00013a68, Max: 0x00080000, ABSOLUTE, COMPRESSED[0x000138d4])

    Execution Region ER_IROM1 (Base: 0x08000000, Size: 0x000137e0, Max: 0x00080000, ABSOLUTE)

    Base Addr    Size         Type   Attr      Idx    E Section Name        Object

    0x08000000   0x00000130   Data   RO          333    RESET               startup_stm32f10x_hd.o
    0x08000130   0x00000008   Code   RO         4582  * !!!main             c_w.l(__main.o)
    0x08000138   0x00000034   Code   RO         4927    !!!scatter          c_w.l(__scatter.o)
    0x0800016c   0x0000005a   Code   RO         4925    !!dczerorl2         c_w.l(__dczerorl2.o)
    0x080001c6   0x00000002   PAD
    0x080001c8   0x0000001c   Code   RO         4929    !!handler_zi        c_w.l(__scatter_zi.o)
    0x080001e4   0x00000000   Code   RO         4566    .ARM.Collect$$_printf_percent$$00000000  c_w.l(_printf_percent.o)
    0x080001e4   0x00000006   Code   RO         4559    .ARM.Collect$$_printf_percent$$00000001  c_w.l(_printf_n.o)
    0x080001ea   0x00000006   Code   RO         4561    .ARM.Collect$$_printf_percent$$00000002  c_w.l(_printf_p.o)
    0x080001f0   0x00000006   Code   RO         4673    .ARM.Collect$$_printf_percent$$00000003  c_w.l(_printf_f.o)
    0x080001f6   0x00000006   Code   RO         4674    .ARM.Collect$$_printf_percent$$00000004  c_w.l(_printf_e.o)
    0x080001fc   0x00000006   Code   RO         4675    .ARM.Collect$$_printf_percent$$00000005  c_w.l(_printf_g.o)
    0x08000202   0x00000006   Code   RO         4676    .ARM.Collect$$_printf_percent$$00000006  c_w.l(_printf_a.o)
    0x08000208   0x0000000a   Code   RO         4681    .ARM.Collect$$_printf_percent$$00000007  c_w.l(_printf_ll.o)
    0x08000212   0x00000006   Code   RO         4563    .ARM.Collect$$_printf_percent$$00000008  c_w.l(_printf_i.o)
    0x08000218   0x00000006   Code   RO         4564    .ARM.Collect$$_printf_percent$$00000009  c_w.l(_printf_d.o)
    0x0800021e   0x00000006   Code   RO         4565    .ARM.Collect$$_printf_percent$$0000000A  c_w.l(_printf_u.o)
    0x08000224   0x00000006   Code   RO         4562    .ARM.Collect$$_printf_percent$$0000000B  c_w.l(_printf_o.o)
    0x0800022a   0x00000006   Code   RO         4560    .ARM.Collect$$_printf_percent$$0000000C  c_w.l(_printf_x.o)
    0x08000230   0x00000006   Code   RO         4678    .ARM.Collect$$_printf_percent$$0000000D  c_w.l(_printf_lli.o)
    0x08000236   0x00000006   Code   RO         4679    .ARM.Collect$$_printf_percent$$0000000E  c_w.l(_printf_lld.o)
    0x0800023c   0x00000006   Code   RO         4680    .ARM.Collect$$_printf_percent$$0000000F  c_w.l(_printf_llu.o)
    0x08000242   0x00000006   Code   RO         4684    .ARM.Collect$$_printf_percent$$00000010  c_w.l(_printf_llo.o)
    0x08000248   0x00000006   Code   RO         4685    .ARM.Collect$$_printf_percent$$00000011  c_w.l(_printf_llx.o)
    0x0800024e   0x0000000a   Code   RO         4682    .ARM.Collect$$_printf_percent$$00000012  c_w.l(_printf_l.o)
    0x08000258   0x00000006   Code   RO         4557    .ARM.Collect$$_printf_percent$$00000013  c_w.l(_printf_c.o)
    0x0800025e   0x00000006   Code   RO         4558    .ARM.Collect$$_printf_percent$$00000014  c_w.l(_printf_s.o)
    0x08000264   0x00000006   Code   RO         4567    .ARM.Collect$$_printf_percent$$00000015  c_w.l(_printf_lc.o)
    0x0800026a   0x00000006   Code   RO         4683    .ARM.Collect$$_printf_percent$$00000016  c_w.l(_printf_ls.o)
    0x08000270   0x00000004   Code   RO         4677    .ARM.Collect$$_printf_percent$$00000017  c_w.l(_printf_percent_end.o)
    0x08000274   0x00000002   Code   RO         4795    .ARM.Collect$$libinit$$00000000  c_w.l(libinit.o)
    0x08000276   0x00000000   Code   RO         4807    .ARM.Collect$$libinit$$00000002  c_w.l(libinit2.o)
    0x08000276   0x00000000   Code   RO         4809    .ARM.Collect$$libinit$$00000004  c_w.l(libinit2.o)
    0x08000276   0x00000000   Code   RO         4812    .ARM.Collect$$libinit$$0000000A  c_w.l(libinit2.o)
    0x08000276   0x00000000   Code   RO         4814    .ARM.Collect$$libinit$$0000000C  c_w.l(libinit2.o)
    0x08000276   0x00000000   Code   RO         4816    .ARM.Collect$$libinit$$0000000E  c_w.l(libinit2.o)
    0x08000276   0x00000006   Code   RO         4817    .ARM.Collect$$libinit$$0000000F  c_w.l(libinit2.o)
    0x0800027c   0x00000000   Code   RO         4819    .ARM.Collect$$libinit$$00000011  c_w.l(libinit2.o)
    0x0800027c   0x0000000c   Code   RO         4820    .ARM.Collect$$libinit$$00000012  c_w.l(libinit2.o)
    0x08000288   0x00000000   Code   RO         4821    .ARM.Collect$$libinit$$00000013  c_w.l(libinit2.o)
    0x08000288   0x00000000   Code   RO         4823    .ARM.Collect$$libinit$$00000015  c_w.l(libinit2.o)
    0x08000288   0x0000000a   Code   RO         4824    .ARM.Collect$$libinit$$00000016  c_w.l(libinit2.o)
    0x08000292   0x00000000   Code   RO         4825    .ARM.Collect$$libinit$$00000017  c_w.l(libinit2.o)
    0x08000292   0x00000000   Code   RO         4827    .ARM.Collect$$libinit$$00000019  c_w.l(libinit2.o)
    0x08000292   0x00000000   Code   RO         4829    .ARM.Collect$$libinit$$0000001B  c_w.l(libinit2.o)
    0x08000292   0x00000000   Code   RO         4831    .ARM.Collect$$libinit$$0000001D  c_w.l(libinit2.o)
    0x08000292   0x00000000   Code   RO         4833    .ARM.Collect$$libinit$$0000001F  c_w.l(libinit2.o)
    0x08000292   0x00000000   Code   RO         4835    .ARM.Collect$$libinit$$00000021  c_w.l(libinit2.o)
    0x08000292   0x00000000   Code   RO         4837    .ARM.Collect$$libinit$$00000023  c_w.l(libinit2.o)
    0x08000292   0x00000000   Code   RO         4839    .ARM.Collect$$libinit$$00000025  c_w.l(libinit2.o)
    0x08000292   0x00000000   Code   RO         4843    .ARM.Collect$$libinit$$0000002C  c_w.l(libinit2.o)
    0x08000292   0x00000000   Code   RO         4845    .ARM.Collect$$libinit$$0000002E  c_w.l(libinit2.o)
    0x08000292   0x00000000   Code   RO         4847    .ARM.Collect$$libinit$$00000030  c_w.l(libinit2.o)
    0x08000292   0x00000000   Code   RO         4849    .ARM.Collect$$libinit$$00000032  c_w.l(libinit2.o)
    0x08000292   0x00000002   Code   RO         4850    .ARM.Collect$$libinit$$00000033  c_w.l(libinit2.o)
    0x08000294   0x00000002   Code   RO         4878    .ARM.Collect$$libshutdown$$00000000  c_w.l(libshutdown.o)
    0x08000296   0x00000000   Code   RO         4893    .ARM.Collect$$libshutdown$$00000003  c_w.l(libshutdown2.o)
    0x08000296   0x00000000   Code   RO         4896    .ARM.Collect$$libshutdown$$00000006  c_w.l(libshutdown2.o)
    0x08000296   0x00000000   Code   RO         4899    .ARM.Collect$$libshutdown$$00000009  c_w.l(libshutdown2.o)
    0x08000296   0x00000000   Code   RO         4901    .ARM.Collect$$libshutdown$$0000000B  c_w.l(libshutdown2.o)
    0x08000296   0x00000000   Code   RO         4904    .ARM.Collect$$libshutdown$$0000000E  c_w.l(libshutdown2.o)
    0x08000296   0x00000002   Code   RO         4905    .ARM.Collect$$libshutdown$$0000000F  c_w.l(libshutdown2.o)
    0x08000298   0x00000000   Code   RO         4654    .ARM.Collect$$rtentry$$00000000  c_w.l(__rtentry.o)
    0x08000298   0x00000000   Code   RO         4708    .ARM.Collect$$rtentry$$00000002  c_w.l(__rtentry2.o)
    0x08000298   0x00000006   Code   RO         4720    .ARM.Collect$$rtentry$$00000004  c_w.l(__rtentry4.o)
    0x0800029e   0x00000000   Code   RO         4710    .ARM.Collect$$rtentry$$00000009  c_w.l(__rtentry2.o)
    0x0800029e   0x00000004   Code   RO         4711    .ARM.Collect$$rtentry$$0000000A  c_w.l(__rtentry2.o)
    0x080002a2   0x00000000   Code   RO         4713    .ARM.Collect$$rtentry$$0000000C  c_w.l(__rtentry2.o)
    0x080002a2   0x00000008   Code   RO         4714    .ARM.Collect$$rtentry$$0000000D  c_w.l(__rtentry2.o)
    0x080002aa   0x00000002   Code   RO         4800    .ARM.Collect$$rtexit$$00000000  c_w.l(rtexit.o)
    0x080002ac   0x00000000   Code   RO         4852    .ARM.Collect$$rtexit$$00000002  c_w.l(rtexit2.o)
    0x080002ac   0x00000004   Code   RO         4853    .ARM.Collect$$rtexit$$00000003  c_w.l(rtexit2.o)
    0x080002b0   0x00000006   Code   RO         4854    .ARM.Collect$$rtexit$$00000004  c_w.l(rtexit2.o)
    0x080002b6   0x00000002   PAD
    0x080002b8   0x00000040   Code   RO          334    .text               startup_stm32f10x_hd.o
    0x080002f8   0x00000002   Code   RO         4481    .text               c_w.l(use_no_semi_2.o)
    0x080002fa   0x00000048   Code   RO         4483    .text               c_w.l(llsdiv.o)
    0x08000342   0x00000002   PAD
    0x08000344   0x00000024   Code   RO         4485    .text               c_w.l(c89vsprintf.o)
    0x08000368   0x00000018   Code   RO         4487    .text               c_w.l(__2printf.o)
    0x08000380   0x0000002c   Code   RO         4489    .text               c_w.l(__2sprintf.o)
    0x080003ac   0x0000004e   Code   RO         4497    .text               c_w.l(_printf_pad.o)
    0x080003fa   0x00000024   Code   RO         4499    .text               c_w.l(_printf_truncate.o)
    0x0800041e   0x00000052   Code   RO         4501    .text               c_w.l(_printf_str.o)
    0x08000470   0x00000078   Code   RO         4503    .text               c_w.l(_printf_dec.o)
    0x080004e8   0x00000028   Code   RO         4505    .text               c_w.l(_printf_charcount.o)
    0x08000510   0x000000bc   Code   RO         4507    .text               c_w.l(_printf_wctomb.o)
    0x080005cc   0x00000070   Code   RO         4514    .text               c_w.l(_printf_oct_int_ll.o)
    0x0800063c   0x00000094   Code   RO         4534    .text               c_w.l(_printf_hex_int_ll_ptr.o)
    0x080006d0   0x00000188   Code   RO         4554    .text               c_w.l(__printf_flags_ss_wp.o)
    0x08000858   0x00000024   Code   RO         4568    .text               c_w.l(strstr.o)
    0x0800087c   0x00000048   Code   RO         4570    .text               c_w.l(strcpy.o)
    0x080008c4   0x0000003e   Code   RO         4572    .text               c_w.l(strlen.o)
    0x08000902   0x00000018   Code   RO         4574    .text               c_w.l(strcat.o)
    0x0800091a   0x0000008a   Code   RO         4576    .text               c_w.l(rt_memcpy_v6.o)
    0x080009a4   0x00000080   Code   RO         4578    .text               c_w.l(strcmpv7m.o)
    0x08000a24   0x00000006   Code   RO         4580    .text               c_w.l(heapauxi.o)
    0x08000a2a   0x00000002   Code   RO         4652    .text               c_w.l(use_no_semi.o)
    0x08000a2c   0x000000ee   Code   RO         4655    .text               c_w.l(lludivv7m.o)
    0x08000b1a   0x00000016   Code   RO         4657    .text               c_w.l(_rserrno.o)
    0x08000b30   0x000000b2   Code   RO         4659    .text               c_w.l(_printf_intcommon.o)
    0x08000be2   0x00000002   PAD
    0x08000be4   0x00000030   Code   RO         4661    .text               c_w.l(_printf_char_common.o)
    0x08000c14   0x0000000a   Code   RO         4663    .text               c_w.l(_sputc.o)
    0x08000c1e   0x0000002c   Code   RO         4665    .text               c_w.l(_printf_char.o)
    0x08000c4a   0x00000002   PAD
    0x08000c4c   0x00000024   Code   RO         4667    .text               c_w.l(_printf_char_file.o)
    0x08000c70   0x0000002c   Code   RO         4669    .text               c_w.l(_printf_wchar.o)
    0x08000c9c   0x0000007c   Code   RO         4671    .text               c_w.l(_printf_longlong_dec.o)
    0x08000d18   0x00000040   Code   RO         4686    .text               c_w.l(_wcrtomb.o)
    0x08000d58   0x00000064   Code   RO         4688    .text               c_w.l(rt_memcpy_w.o)
    0x08000dbc   0x00000010   Code   RO         4722    .text               c_w.l(rt_ctype_table.o)
    0x08000dcc   0x00000008   Code   RO         4731    .text               c_w.l(rt_errno_addr_intlibspace.o)
    0x08000dd4   0x0000008a   Code   RO         4733    .text               c_w.l(lludiv10.o)
    0x08000e5e   0x0000041a   Code   RO         4735    .text               c_w.l(_printf_fp_dec.o)
    0x08001278   0x00000008   Code   RO         4739    .text               c_w.l(ferror.o)
    0x08001280   0x00000008   Code   RO         4743    .text               c_w.l(libspace.o)
    0x08001288   0x0000004a   Code   RO         4746    .text               c_w.l(sys_stackheap_outer.o)
    0x080012d2   0x00000002   PAD
    0x080012d4   0x00000008   Code   RO         4753    .text               c_w.l(rt_locale_intlibspace.o)
    0x080012dc   0x00000080   Code   RO         4755    .text               c_w.l(_printf_fp_infnan.o)
    0x0800135c   0x000000dc   Code   RO         4757    .text               c_w.l(bigflt0.o)
    0x08001438   0x0000000c   Code   RO         4788    .text               c_w.l(exit.o)
    0x08001444   0x0000003e   Code   RO         4760    CL$$btod_d2e        c_w.l(btod.o)
    0x08001482   0x00000046   Code   RO         4762    CL$$btod_d2e_denorm_low  c_w.l(btod.o)
    0x080014c8   0x00000060   Code   RO         4761    CL$$btod_d2e_norm_op1  c_w.l(btod.o)
    0x08001528   0x00000338   Code   RO         4770    CL$$btod_div_common  c_w.l(btod.o)
    0x08001860   0x000000c6   Code   RO         4767    CL$$btod_e2e        c_w.l(btod.o)
    0x08001926   0x00000028   Code   RO         4764    CL$$btod_ediv       c_w.l(btod.o)
    0x0800194e   0x00000028   Code   RO         4763    CL$$btod_emul       c_w.l(btod.o)
    0x08001976   0x00000244   Code   RO         4769    CL$$btod_mult_common  c_w.l(btod.o)
    0x08001bba   0x00000016   Code   RO         3177    i.ADC_Cmd           stm32f10x_adc.o
    0x08001bd0   0x0000005c   Code   RO         3179    i.ADC_DeInit        stm32f10x_adc.o
    0x08001c2c   0x00000014   Code   RO         3185    i.ADC_GetCalibrationStatus  stm32f10x_adc.o
    0x08001c40   0x00000008   Code   RO         3186    i.ADC_GetConversionValue  stm32f10x_adc.o
    0x08001c48   0x00000012   Code   RO         3188    i.ADC_GetFlagStatus  stm32f10x_adc.o
    0x08001c5a   0x00000014   Code   RO         3191    i.ADC_GetResetCalibrationStatus  stm32f10x_adc.o
    0x08001c6e   0x00000002   PAD
    0x08001c70   0x00000050   Code   RO         3195    i.ADC_Init          stm32f10x_adc.o
    0x08001cc0   0x000000b8   Code   RO         3199    i.ADC_RegularChannelConfig  stm32f10x_adc.o
    0x08001d78   0x0000000a   Code   RO         3200    i.ADC_ResetCalibration  stm32f10x_adc.o
    0x08001d82   0x00000016   Code   RO         3202    i.ADC_SoftwareStartConvCmd  stm32f10x_adc.o
    0x08001d98   0x0000000a   Code   RO         3204    i.ADC_StartCalibration  stm32f10x_adc.o
    0x08001da2   0x00000008   Code   RO          434    i.AT24CXX_Init      24cxx.o
    0x08001daa   0x00000022   Code   RO          435    i.AT24CXX_Read      24cxx.o
    0x08001dcc   0x00000058   Code   RO          437    i.AT24CXX_ReadOneByte  24cxx.o
    0x08001e24   0x00000024   Code   RO          438    i.AT24CXX_Write     24cxx.o
    0x08001e48   0x00000050   Code   RO          440    i.AT24CXX_WriteOneByte  24cxx.o
    0x08001e98   0x0000007c   Code   RO         1469    i.Adc3_Init         adc.o
    0x08001f14   0x00000004   Code   RO          197    i.BusFault_Handler  stm32f10x_it.o
    0x08001f18   0x0000000a   Code   RO         1037    i.CT_Delay          ctiic.o
    0x08001f22   0x00000002   PAD
    0x08001f24   0x00000054   Code   RO         1038    i.CT_IIC_Ack        ctiic.o
    0x08001f78   0x00000050   Code   RO         1039    i.CT_IIC_Init       ctiic.o
    0x08001fc8   0x00000054   Code   RO         1040    i.CT_IIC_NAck       ctiic.o
    0x0800201c   0x00000070   Code   RO         1041    i.CT_IIC_Read_Byte  ctiic.o
    0x0800208c   0x00000064   Code   RO         1042    i.CT_IIC_Send_Byte  ctiic.o
    0x080020f0   0x0000004c   Code   RO         1043    i.CT_IIC_Start      ctiic.o
    0x0800213c   0x00000048   Code   RO         1044    i.CT_IIC_Stop       ctiic.o
    0x08002184   0x00000064   Code   RO         1045    i.CT_IIC_Wait_Ack   ctiic.o
    0x080021e8   0x00000030   Code   RO          788    i.CmdError          sdio_sdcard.o
    0x08002218   0x00000060   Code   RO          789    i.CmdResp1Error     sdio_sdcard.o
    0x08002278   0x00000054   Code   RO          790    i.CmdResp2Error     sdio_sdcard.o
    0x080022cc   0x00000038   Code   RO          791    i.CmdResp3Error     sdio_sdcard.o
    0x08002304   0x00000090   Code   RO          792    i.CmdResp6Error     sdio_sdcard.o
    0x08002394   0x0000004c   Code   RO          793    i.CmdResp7Error     sdio_sdcard.o
    0x080023e0   0x00000018   Code   RO         1555    i.DMA_Cmd           stm32f10x_dma.o
    0x080023f8   0x0000014c   Code   RO         1556    i.DMA_DeInit        stm32f10x_dma.o
    0x08002544   0x0000003c   Code   RO         1561    i.DMA_Init          stm32f10x_dma.o
    0x08002580   0x00000002   Code   RO          198    i.DebugMon_Handler  stm32f10x_it.o
    0x08002582   0x00000002   PAD
    0x08002584   0x00000034   Code   RO         1690    i.FSMC_NORSRAMCmd   stm32f10x_fsmc.o
    0x080025b8   0x000000e6   Code   RO         1692    i.FSMC_NORSRAMInit  stm32f10x_fsmc.o
    0x0800269e   0x00000002   PAD
    0x080026a0   0x000000f0   Code   RO         1100    i.FT5206_Init       ft5206.o
    0x08002790   0x00000058   Code   RO         1101    i.FT5206_RD_Reg     ft5206.o
    0x080027e8   0x0000019c   Code   RO         1102    i.FT5206_Scan       ft5206.o
    0x08002984   0x00000052   Code   RO         1103    i.FT5206_WR_Reg     ft5206.o
    0x080029d6   0x00000002   PAD
    0x080029d8   0x00000194   Code   RO          794    i.FindSCR           sdio_sdcard.o
    0x08002b6c   0x00000116   Code   RO         1805    i.GPIO_Init         stm32f10x_gpio.o
    0x08002c82   0x00000012   Code   RO         1809    i.GPIO_ReadInputDataBit  stm32f10x_gpio.o
    0x08002c94   0x00000004   Code   RO         1812    i.GPIO_ResetBits    stm32f10x_gpio.o
    0x08002c98   0x00000004   Code   RO         1813    i.GPIO_SetBits      stm32f10x_gpio.o
    0x08002c9c   0x00000140   Code   RO         1134    i.GT9147_Init       gt9147.o
    0x08002ddc   0x00000062   Code   RO         1135    i.GT9147_RD_Reg     gt9147.o
    0x08002e3e   0x00000002   PAD
    0x08002e40   0x00000200   Code   RO         1136    i.GT9147_Scan       gt9147.o
    0x08003040   0x0000005c   Code   RO         1137    i.GT9147_Send_Cfg   gt9147.o
    0x0800309c   0x0000005c   Code   RO         1138    i.GT9147_WR_Reg     gt9147.o
    0x080030f8   0x00000034   Code   RO         1470    i.Get_Adc3          adc.o
    0x0800312c   0x000000e0   Code   RO         4270    i.Get_HzMat         text.o
    0x0800320c   0x00000004   Code   RO          199    i.HardFault_Handler  stm32f10x_it.o
    0x08003210   0x00000050   Code   RO          493    i.IIC_Ack           myiic.o
    0x08003260   0x00000034   Code   RO          494    i.IIC_Init          myiic.o
    0x08003294   0x00000050   Code   RO          495    i.IIC_NAck          myiic.o
    0x080032e4   0x00000070   Code   RO          496    i.IIC_Read_Byte     myiic.o
    0x08003354   0x00000074   Code   RO          497    i.IIC_Send_Byte     myiic.o
    0x080033c8   0x0000004c   Code   RO          498    i.IIC_Start         myiic.o
    0x08003414   0x0000004c   Code   RO          499    i.IIC_Stop          myiic.o
    0x08003460   0x00000064   Code   RO          500    i.IIC_Wait_Ack      myiic.o
    0x080034c4   0x00000004   Code   RO          365    i.INTX_DISABLE      sys.o
    0x080034c8   0x00000004   Code   RO          366    i.INTX_ENABLE       sys.o
    0x080034cc   0x0000009c   Code   RO          795    i.IsCardProgramming  sdio_sdcard.o
    0x08003568   0x0000003c   Code   RO          547    i.KEY_Init          key.o
    0x080035a4   0x000000c8   Code   RO          548    i.KEY_Scan          key.o
    0x0800366c   0x0000006c   Code   RO          567    i.LCD_Clear         lcd.o
    0x080036d8   0x000001c0   Code   RO          571    i.LCD_Display_Dir   lcd.o
    0x08003898   0x000000b0   Code   RO          572    i.LCD_DrawLine      lcd.o
    0x08003948   0x00000024   Code   RO          573    i.LCD_DrawPoint     lcd.o
    0x0800396c   0x0000003c   Code   RO          574    i.LCD_DrawRectangle  lcd.o
    0x080039a8   0x00000098   Code   RO          575    i.LCD_Draw_Circle   lcd.o
    0x08003a40   0x0000017c   Code   RO          576    i.LCD_Fast_DrawPoint  lcd.o
    0x08003bbc   0x000000bc   Code   RO          577    i.LCD_Fill          lcd.o
    0x08003c78   0x00003774   Code   RO          578    i.LCD_Init          lcd.o
    0x080073ec   0x00000016   Code   RO          579    i.LCD_Pow           lcd.o
    0x08007402   0x00000002   PAD
    0x08007404   0x00000014   Code   RO          580    i.LCD_RD_DATA       lcd.o
    0x08007418   0x00000016   Code   RO          582    i.LCD_ReadReg       lcd.o
    0x0800742e   0x00000002   PAD
    0x08007430   0x00000054   Code   RO          583    i.LCD_SSD_BackLightSet  lcd.o
    0x08007484   0x000002ec   Code   RO          584    i.LCD_Scan_Dir      lcd.o
    0x08007770   0x000001a8   Code   RO          585    i.LCD_SetCursor     lcd.o
    0x08007918   0x00000128   Code   RO          587    i.LCD_ShowChar      lcd.o
    0x08007a40   0x00000094   Code   RO          588    i.LCD_ShowNum       lcd.o
    0x08007ad4   0x00000066   Code   RO          589    i.LCD_ShowString    lcd.o
    0x08007b3a   0x00000002   PAD
    0x08007b3c   0x0000000c   Code   RO          591    i.LCD_WR_DATA       lcd.o
    0x08007b48   0x0000000c   Code   RO          592    i.LCD_WR_REG        lcd.o
    0x08007b54   0x00000014   Code   RO          594    i.LCD_WriteRAM_Prepare  lcd.o
    0x08007b68   0x00000010   Code   RO          595    i.LCD_WriteReg      lcd.o
    0x08007b78   0x0000004c   Code   RO          776    i.LED_Init          led.o
    0x08007bc4   0x0000003c   Code   RO         1451    i.Lsens_Get_Val     lsens.o
    0x08007c00   0x0000002c   Code   RO         1452    i.Lsens_Init        lsens.o
    0x08007c2c   0x00000004   Code   RO          200    i.MemManage_Handler  stm32f10x_it.o
    0x08007c30   0x00000002   Code   RO          201    i.NMI_Handler       stm32f10x_it.o
    0x08007c32   0x00000002   PAD
    0x08007c34   0x00000070   Code   RO         1517    i.NVIC_Init         misc.o
    0x08007ca4   0x00000014   Code   RO         1518    i.NVIC_PriorityGroupConfig  misc.o
    0x08007cb8   0x000000b4   Code   RO         1174    i.OTT2001A_Init     ott2001a.o
    0x08007d6c   0x00000062   Code   RO         1175    i.OTT2001A_RD_Reg   ott2001a.o
    0x08007dce   0x00000002   PAD
    0x08007dd0   0x000001e0   Code   RO         1176    i.OTT2001A_Scan     ott2001a.o
    0x08007fb0   0x0000001c   Code   RO         1177    i.OTT2001A_SensorControl  ott2001a.o
    0x08007fcc   0x0000005c   Code   RO         1178    i.OTT2001A_WR_Reg   ott2001a.o
    0x08008028   0x00000002   Code   RO          202    i.PendSV_Handler    stm32f10x_it.o
    0x0800802a   0x00000002   PAD
    0x0800802c   0x00000020   Code   RO         1914    i.RCC_AHBPeriphClockCmd  stm32f10x_rcc.o
    0x0800804c   0x00000020   Code   RO         1915    i.RCC_APB1PeriphClockCmd  stm32f10x_rcc.o
    0x0800806c   0x00000020   Code   RO         1916    i.RCC_APB1PeriphResetCmd  stm32f10x_rcc.o
    0x0800808c   0x00000020   Code   RO         1917    i.RCC_APB2PeriphClockCmd  stm32f10x_rcc.o
    0x080080ac   0x00000020   Code   RO         1918    i.RCC_APB2PeriphResetCmd  stm32f10x_rcc.o
    0x080080cc   0x000000d4   Code   RO         1925    i.RCC_GetClocksFreq  stm32f10x_rcc.o
    0x080081a0   0x000000ac   Code   RO          796    i.SDEnWideBus       sdio_sdcard.o
    0x0800824c   0x0000000c   Code   RO         2114    i.SDIO_ClearFlag    stm32f10x_sdio.o
    0x08008258   0x0000000c   Code   RO         2116    i.SDIO_ClockCmd     stm32f10x_sdio.o
    0x08008264   0x00000014   Code   RO          797    i.SDIO_Clock_Set    sdio_sdcard.o
    0x08008278   0x0000000c   Code   RO         2119    i.SDIO_DMACmd       stm32f10x_sdio.o
    0x08008284   0x00000030   Code   RO         2120    i.SDIO_DataConfig   stm32f10x_sdio.o
    0x080082b4   0x00000024   Code   RO         2122    i.SDIO_DeInit       stm32f10x_sdio.o
    0x080082d8   0x00000018   Code   RO         2126    i.SDIO_GetFlagStatus  stm32f10x_sdio.o
    0x080082f0   0x00000010   Code   RO         2128    i.SDIO_GetPowerState  stm32f10x_sdio.o
    0x08008300   0x00000008   Code   RO          798    i.SDIO_IRQHandler   sdio_sdcard.o
    0x08008308   0x00000030   Code   RO         2131    i.SDIO_Init         stm32f10x_sdio.o
    0x08008338   0x0000000c   Code   RO         2132    i.SDIO_ReadData     stm32f10x_sdio.o
    0x08008344   0x0000002c   Code   RO         2134    i.SDIO_SendCommand  stm32f10x_sdio.o
    0x08008370   0x0000001c   Code   RO         2136    i.SDIO_SetPowerState  stm32f10x_sdio.o
    0x0800838c   0x0000000c   Code   RO         2142    i.SDIO_WriteData    stm32f10x_sdio.o
    0x08008398   0x00000068   Code   RO          799    i.SD_DMA_Config     sdio_sdcard.o
    0x08008400   0x00000068   Code   RO          800    i.SD_EnableWideBusOperation  sdio_sdcard.o
    0x08008468   0x00000314   Code   RO          801    i.SD_GetCardInfo    sdio_sdcard.o
    0x0800877c   0x00000100   Code   RO          803    i.SD_Init           sdio_sdcard.o
    0x0800887c   0x00000154   Code   RO          804    i.SD_InitializeCards  sdio_sdcard.o
    0x080089d0   0x000001dc   Code   RO          806    i.SD_PowerON        sdio_sdcard.o
    0x08008bac   0x0000013c   Code   RO          807    i.SD_ProcessIRQSrc  sdio_sdcard.o
    0x08008ce8   0x00000258   Code   RO          808    i.SD_ReadBlock      sdio_sdcard.o
    0x08008f40   0x000000a0   Code   RO          809    i.SD_ReadDisk       sdio_sdcard.o
    0x08008fe0   0x000002e8   Code   RO          810    i.SD_ReadMultiBlocks  sdio_sdcard.o
    0x080092c8   0x00000030   Code   RO          811    i.SD_SelectDeselect  sdio_sdcard.o
    0x080092f8   0x00000018   Code   RO          813    i.SD_SetDeviceMode  sdio_sdcard.o
    0x08009310   0x00000374   Code   RO          814    i.SD_WriteBlock     sdio_sdcard.o
    0x08009684   0x000000a0   Code   RO          815    i.SD_WriteDisk      sdio_sdcard.o
    0x08009724   0x000003c0   Code   RO          816    i.SD_WriteMultiBlocks  sdio_sdcard.o
    0x08009ae4   0x00000094   Code   RO          988    i.SPI2_Init         spi.o
    0x08009b78   0x00000054   Code   RO          989    i.SPI2_ReadWriteByte  spi.o
    0x08009bcc   0x00000028   Code   RO          990    i.SPI2_SetSpeed     spi.o
    0x08009bf4   0x00000018   Code   RO         2304    i.SPI_Cmd           stm32f10x_spi.o
    0x08009c0c   0x00000012   Code   RO         2312    i.SPI_I2S_GetFlagStatus  stm32f10x_spi.o
    0x08009c1e   0x00000006   Code   RO         2315    i.SPI_I2S_ReceiveData  stm32f10x_spi.o
    0x08009c24   0x00000004   Code   RO         2316    i.SPI_I2S_SendData  stm32f10x_spi.o
    0x08009c28   0x0000003c   Code   RO         2317    i.SPI_Init          stm32f10x_spi.o
    0x08009c64   0x00000002   Code   RO          203    i.SVC_Handler       stm32f10x_it.o
    0x08009c66   0x00000008   Code   RO          286    i.SetSysClock       system_stm32f10x.o
    0x08009c6e   0x00000002   PAD
    0x08009c70   0x000000e0   Code   RO          287    i.SetSysClockTo72   system_stm32f10x.o
    0x08009d50   0x000000c8   Code   RO         4271    i.Show_Font         text.o
    0x08009e18   0x000000c2   Code   RO         4272    i.Show_Str          text.o
    0x08009eda   0x00000002   PAD
    0x08009edc   0x00000070   Code   RO         4273    i.Show_Str_Mid      text.o
    0x08009f4c   0x00000028   Code   RO         1521    i.SysTick_CLKSourceConfig  misc.o
    0x08009f74   0x00000002   Code   RO          204    i.SysTick_Handler   stm32f10x_it.o
    0x08009f76   0x00000002   PAD
    0x08009f78   0x00000060   Code   RO          289    i.SystemInit        system_stm32f10x.o
    0x08009fd8   0x00000038   Code   RO         3463    i.TIM4_IRQHandler   usmart.o
    0x0800a010   0x00000034   Code   RO         1015    i.TIM7_IRQHandler   timer.o
    0x0800a044   0x00000060   Code   RO         1016    i.TIM7_Int_Init     timer.o
    0x0800a0a4   0x00000006   Code   RO         2453    i.TIM_ClearFlag     stm32f10x_tim.o
    0x0800a0aa   0x00000006   Code   RO         2454    i.TIM_ClearITPendingBit  stm32f10x_tim.o
    0x0800a0b0   0x00000018   Code   RO         2459    i.TIM_Cmd           stm32f10x_tim.o
    0x0800a0c8   0x00000006   Code   RO         2478    i.TIM_GetCounter    stm32f10x_tim.o
    0x0800a0ce   0x00000012   Code   RO         2479    i.TIM_GetFlagStatus  stm32f10x_tim.o
    0x0800a0e0   0x00000022   Code   RO         2480    i.TIM_GetITStatus   stm32f10x_tim.o
    0x0800a102   0x00000012   Code   RO         2484    i.TIM_ITConfig      stm32f10x_tim.o
    0x0800a114   0x00000004   Code   RO         2518    i.TIM_SetAutoreload  stm32f10x_tim.o
    0x0800a118   0x00000004   Code   RO         2524    i.TIM_SetCounter    stm32f10x_tim.o
    0x0800a11c   0x000000a4   Code   RO         2530    i.TIM_TimeBaseInit  stm32f10x_tim.o
    0x0800a1c0   0x000001a8   Code   RO         1214    i.TP_Adj_Info_Show  touch.o
    0x0800a368   0x0000085c   Code   RO         1215    i.TP_Adjust         touch.o
    0x0800abc4   0x00000070   Code   RO         1217    i.TP_Drow_Touch_Point  touch.o
    0x0800ac34   0x00000050   Code   RO         1218    i.TP_Get_Adjdata    touch.o
    0x0800ac84   0x00000168   Code   RO         1219    i.TP_Init           touch.o
    0x0800adec   0x00000094   Code   RO         1220    i.TP_Read_AD        touch.o
    0x0800ae80   0x00000078   Code   RO         1221    i.TP_Read_XOY       touch.o
    0x0800aef8   0x00000030   Code   RO         1222    i.TP_Read_XY        touch.o
    0x0800af28   0x000000c0   Code   RO         1223    i.TP_Read_XY2       touch.o
    0x0800afe8   0x0000001c   Code   RO         1224    i.TP_Save_Adjdata   touch.o
    0x0800b004   0x00000110   Code   RO         1225    i.TP_Scan           touch.o
    0x0800b114   0x0000004c   Code   RO         1226    i.TP_Write_Byte     touch.o
    0x0800b160   0x0000005c   Code   RO         3464    i.Timer4_Init       usmart.o
    0x0800b1bc   0x00000088   Code   RO          392    i.USART1_IRQHandler  usart.o
    0x0800b244   0x00000070   Code   RO         1310    i.USART3_IRQHandler  usart3.o
    0x0800b2b4   0x00000018   Code   RO         2995    i.USART_Cmd         stm32f10x_usart.o
    0x0800b2cc   0x0000009c   Code   RO         2997    i.USART_DeInit      stm32f10x_usart.o
    0x0800b368   0x0000001a   Code   RO         2998    i.USART_GetFlagStatus  stm32f10x_usart.o
    0x0800b382   0x00000054   Code   RO         2999    i.USART_GetITStatus  stm32f10x_usart.o
    0x0800b3d6   0x0000004a   Code   RO         3001    i.USART_ITConfig    stm32f10x_usart.o
    0x0800b420   0x000000d8   Code   RO         3002    i.USART_Init        stm32f10x_usart.o
    0x0800b4f8   0x0000000a   Code   RO         3009    i.USART_ReceiveData  stm32f10x_usart.o
    0x0800b502   0x00000008   Code   RO         3012    i.USART_SendData    stm32f10x_usart.o
    0x0800b50a   0x00000004   Code   RO          205    i.UsageFault_Handler  stm32f10x_it.o
    0x0800b50e   0x00000002   PAD
    0x0800b510   0x00000058   Code   RO         1349    i.W25QXX_Erase_Sector  w25qxx.o
    0x0800b568   0x00000058   Code   RO         1350    i.W25QXX_Init       w25qxx.o
    0x0800b5c0   0x00000050   Code   RO         1352    i.W25QXX_Read       w25qxx.o
    0x0800b610   0x00000048   Code   RO         1353    i.W25QXX_ReadID     w25qxx.o
    0x0800b658   0x0000002c   Code   RO         1354    i.W25QXX_ReadSR     w25qxx.o
    0x0800b684   0x00000012   Code   RO         1356    i.W25QXX_Wait_Busy  w25qxx.o
    0x0800b696   0x00000002   PAD
    0x0800b698   0x000000b8   Code   RO         1357    i.W25QXX_Write      w25qxx.o
    0x0800b750   0x00000020   Code   RO         1359    i.W25QXX_Write_Enable  w25qxx.o
    0x0800b770   0x00000046   Code   RO         1360    i.W25QXX_Write_NoCheck  w25qxx.o
    0x0800b7b6   0x00000002   PAD
    0x0800b7b8   0x00000054   Code   RO         1361    i.W25QXX_Write_Page  w25qxx.o
    0x0800b80c   0x00000028   Code   RO         4798    i.__ARM_fpclassify  m_ws.l(fpclassify.o)
    0x0800b834   0x0000000e   Code   RO         4547    i._is_digit         c_w.l(__printf_wp.o)
    0x0800b842   0x00000006   Code   RO          393    i._sys_exit         usart.o
    0x0800b848   0x0000003c   Code   RO         4313    i.atk_8266_at_response  common.o
    0x0800b884   0x00000034   Code   RO         4314    i.atk_8266_check_cmd  common.o
    0x0800b8b8   0x00000044   Code   RO         4315    i.atk_8266_consta_check  common.o
    0x0800b8fc   0x000000f0   Code   RO         4317    i.atk_8266_get_keynum  common.o
    0x0800b9ec   0x00000054   Code   RO         4318    i.atk_8266_get_wanip  common.o
    0x0800ba40   0x000001ac   Code   RO         4319    i.atk_8266_ip_set   common.o
    0x0800bbec   0x0000012c   Code   RO         4320    i.atk_8266_key_staset  common.o
    0x0800bd18   0x00000124   Code   RO         4321    i.atk_8266_load_keyboard  common.o
    0x0800be3c   0x00000354   Code   RO         4323    i.atk_8266_msg_show  common.o
    0x0800c190   0x00000070   Code   RO         4324    i.atk_8266_mtest_ui  common.o
    0x0800c200   0x00000070   Code   RO         4326    i.atk_8266_quit_trans  common.o
    0x0800c270   0x00000074   Code   RO         4327    i.atk_8266_send_cmd  common.o
    0x0800c2e4   0x000001a8   Code   RO         4329    i.atk_8266_test     common.o
    0x0800c48c   0x00000108   Code   RO         4330    i.atk_8266_wificonf_show  common.o
    0x0800c594   0x000007ec   Code   RO         4451    i.atk_8266_wifista_test  wifista.o
    0x0800cd80   0x00000090   Code   RO         3684    i.check_fs          ff.o
    0x0800ce10   0x00000014   Code   RO         3685    i.chk_chr           ff.o
    0x0800ce24   0x00000032   Code   RO         3686    i.clmt_clust        ff.o
    0x0800ce56   0x0000001a   Code   RO         3687    i.clust2sect        ff.o
    0x0800ce70   0x00000090   Code   RO         3688    i.cmp_lfn           ff.o
    0x0800cf00   0x00000012   Code   RO          817    i.convert_from_bytes_to_power_of_two  sdio_sdcard.o
    0x0800cf12   0x000000d6   Code   RO         3689    i.create_chain      ff.o
    0x0800cfe8   0x00000270   Code   RO         3690    i.create_name       ff.o
    0x0800d258   0x00000044   Code   RO          338    i.delay_init        delay.o
    0x0800d29c   0x0000004c   Code   RO          339    i.delay_ms          delay.o
    0x0800d2e8   0x0000004c   Code   RO          340    i.delay_us          delay.o
    0x0800d334   0x0000005c   Code   RO         3691    i.dir_alloc         ff.o
    0x0800d390   0x000000ea   Code   RO         3692    i.dir_find          ff.o
    0x0800d47a   0x0000010e   Code   RO         3693    i.dir_next          ff.o
    0x0800d588   0x0000012a   Code   RO         3695    i.dir_register      ff.o
    0x0800d6b2   0x0000009e   Code   RO         3697    i.dir_sdi           ff.o
    0x0800d750   0x00000038   Code   RO         3624    i.disk_initialize   diskio.o
    0x0800d788   0x000000b4   Code   RO         3625    i.disk_ioctl        diskio.o
    0x0800d83c   0x0000007a   Code   RO         3626    i.disk_read         diskio.o
    0x0800d8b6   0x00000006   Code   RO         3627    i.disk_status       diskio.o
    0x0800d8bc   0x0000007a   Code   RO         3628    i.disk_write        diskio.o
    0x0800d936   0x00000002   PAD
    0x0800d938   0x00000084   Code   RO         4027    i.exfuns_init       exfuns.o
    0x0800d9bc   0x00000020   Code   RO         3699    i.f_close           ff.o
    0x0800d9dc   0x0000005c   Code   RO         3707    i.f_mount           ff.o
    0x0800da38   0x00000180   Code   RO         3708    i.f_open            ff.o
    0x0800dbb8   0x000001b0   Code   RO         3713    i.f_read            ff.o
    0x0800dd68   0x000000b0   Code   RO         3718    i.f_sync            ff.o
    0x0800de18   0x00000098   Code   RO         4067    i.ff_convert        mycc936.o
    0x0800deb0   0x0000000e   Code   RO         3629    i.ff_memalloc       diskio.o
    0x0800debe   0x0000000e   Code   RO         3630    i.ff_memfree        diskio.o
    0x0800decc   0x00000038   Code   RO         4068    i.ff_wtoupper       mycc936.o
    0x0800df04   0x00000394   Code   RO         3723    i.find_volume       ff.o
    0x0800e298   0x00000080   Code   RO         3724    i.fit_lfn           ff.o
    0x0800e318   0x00000090   Code   RO         3725    i.follow_path       ff.o
    0x0800e3a8   0x00000044   Code   RO         4228    i.font_init         fontupd.o
    0x0800e3ec   0x0000001c   Code   RO          394    i.fputc             usart.o
    0x0800e408   0x00000090   Code   RO         4229    i.fupd_prog         fontupd.o
    0x0800e498   0x000000cc   Code   RO         3726    i.gen_numname       ff.o
    0x0800e564   0x000000f2   Code   RO         3727    i.get_fat           ff.o
    0x0800e656   0x00000004   Code   RO         3631    i.get_fattime       diskio.o
    0x0800e65a   0x0000004a   Code   RO         3729    i.get_ldnumber      ff.o
    0x0800e6a4   0x00000020   Code   RO         3730    i.ld_clust          ff.o
    0x0800e6c4   0x00000220   Code   RO            1    i.main              main.o
    0x0800e8e4   0x00000026   Code   RO         3731    i.mem_cmp           ff.o
    0x0800e90a   0x0000001a   Code   RO         3732    i.mem_cpy           ff.o
    0x0800e924   0x00000014   Code   RO         3733    i.mem_set           ff.o
    0x0800e938   0x00000034   Code   RO         3734    i.move_window       ff.o
    0x0800e96c   0x00000050   Code   RO         4452    i.my_itoa           wifista.o
    0x0800e9bc   0x0000006c   Code   RO         3393    i.my_mem_free       malloc.o
    0x0800ea28   0x00000044   Code   RO         3394    i.my_mem_init       malloc.o
    0x0800ea6c   0x000000a8   Code   RO         3395    i.my_mem_malloc     malloc.o
    0x0800eb14   0x00000040   Code   RO         3396    i.my_mem_perused    malloc.o
    0x0800eb54   0x00000024   Code   RO         3397    i.myfree            malloc.o
    0x0800eb78   0x00000028   Code   RO         3398    i.mymalloc          malloc.o
    0x0800eba0   0x00000014   Code   RO         3400    i.mymemset          malloc.o
    0x0800ebb4   0x00000142   Code   RO         3736    i.put_fat           ff.o
    0x0800ecf6   0x00000006   Code   RO         3465    i.read_addr         usmart.o
    0x0800ecfc   0x0000006c   Code   RO         3738    i.remove_chain      ff.o
    0x0800ed68   0x00000026   Code   RO         4453    i.reverse           wifista.o
    0x0800ed8e   0x0000004c   Code   RO         4645    i.sqrt              m_ws.l(sqrt.o)
    0x0800edda   0x00000010   Code   RO         3739    i.st_clust          ff.o
    0x0800edea   0x00000020   Code   RO         3740    i.sum_sfn           ff.o
    0x0800ee0a   0x000000c8   Code   RO         3741    i.sync_fs           ff.o
    0x0800eed2   0x00000052   Code   RO         3742    i.sync_window       ff.o
    0x0800ef24   0x00000050   Code   RO         1311    i.u3_printf         usart3.o
    0x0800ef74   0x000000a0   Code   RO          395    i.uart_init         usart.o
    0x0800f014   0x00000164   Code   RO         4230    i.updata_fontx      fontupd.o
    0x0800f178   0x00000394   Code   RO         4231    i.update_font       fontupd.o
    0x0800f50c   0x000000d0   Code   RO         1312    i.usart3_init       usart3.o
    0x0800f5dc   0x000000b0   Code   RO         3466    i.usmart_cmd_rec    usmart.o
    0x0800f68c   0x000002d4   Code   RO         3467    i.usmart_exe        usmart.o
    0x0800f960   0x000000c8   Code   RO         3552    i.usmart_get_aparm  usmart_str.o
    0x0800fa28   0x00000036   Code   RO         3553    i.usmart_get_cmdname  usmart_str.o
    0x0800fa5e   0x00000002   PAD
    0x0800fa60   0x000001c0   Code   RO         3554    i.usmart_get_fname  usmart_str.o
    0x0800fc20   0x0000010c   Code   RO         3555    i.usmart_get_fparam  usmart_str.o
    0x0800fd2c   0x00000020   Code   RO         3556    i.usmart_get_parmpos  usmart_str.o
    0x0800fd4c   0x00000044   Code   RO         3468    i.usmart_get_runtime  usmart.o
    0x0800fd90   0x00000028   Code   RO         3469    i.usmart_init       usmart.o
    0x0800fdb8   0x00000016   Code   RO         3557    i.usmart_pow        usmart_str.o
    0x0800fdce   0x00000002   PAD
    0x0800fdd0   0x00000030   Code   RO         3470    i.usmart_reset_runtime  usmart.o
    0x0800fe00   0x000000bc   Code   RO         3471    i.usmart_scan       usmart.o
    0x0800febc   0x00000016   Code   RO         3558    i.usmart_search_nextc  usmart_str.o
    0x0800fed2   0x000000ca   Code   RO         3559    i.usmart_str2num    usmart_str.o
    0x0800ff9c   0x00000022   Code   RO         3560    i.usmart_strcmp     usmart_str.o
    0x0800ffbe   0x00000016   Code   RO         3561    i.usmart_strcopy    usmart_str.o
    0x0800ffd4   0x00000018   Code   RO         3562    i.usmart_strlen     usmart_str.o
    0x0800ffec   0x000006e4   Code   RO         3472    i.usmart_sys_cmd_exe  usmart.o
    0x080106d0   0x00000036   Code   RO         3743    i.validate          ff.o
    0x08010706   0x00000004   Code   RO         3473    i.write_addr        usmart.o
    0x0801070a   0x00000002   PAD
    0x0801070c   0x0000002c   Code   RO         4783    locale$$code        c_w.l(lc_ctype_c.o)
    0x08010738   0x0000002c   Code   RO         4786    locale$$code        c_w.l(lc_numeric_c.o)
    0x08010764   0x00000150   Code   RO         4584    x$fpl$dadd          fz_ws.l(daddsub_clz.o)
    0x080108b4   0x00000018   Code   RO         4690    x$fpl$dcmpinf       fz_ws.l(dcmpi.o)
    0x080108cc   0x0000005a   Code   RO         4598    x$fpl$dfixu         fz_ws.l(dfixu.o)
    0x08010926   0x0000002e   Code   RO         4603    x$fpl$dflt          fz_ws.l(dflt_clz.o)
    0x08010954   0x00000026   Code   RO         4602    x$fpl$dfltu         fz_ws.l(dflt_clz.o)
    0x0801097a   0x00000002   PAD
    0x0801097c   0x00000078   Code   RO         4608    x$fpl$dleqf         fz_ws.l(dleqf.o)
    0x080109f4   0x00000154   Code   RO         4610    x$fpl$dmul          fz_ws.l(dmul.o)
    0x08010b48   0x0000009c   Code   RO         4692    x$fpl$dnaninf       fz_ws.l(dnaninf.o)
    0x08010be4   0x0000000c   Code   RO         4694    x$fpl$dretinf       fz_ws.l(dretinf.o)
    0x08010bf0   0x0000006c   Code   RO         4612    x$fpl$drleqf        fz_ws.l(drleqf.o)
    0x08010c5c   0x00000016   Code   RO         4585    x$fpl$drsb          fz_ws.l(daddsub_clz.o)
    0x08010c72   0x00000002   PAD
    0x08010c74   0x000001cc   Code   RO         4696    x$fpl$dsqrt         fz_ws.l(dsqrt_noumaal.o)
    0x08010e40   0x000001d4   Code   RO         4586    x$fpl$dsub          fz_ws.l(daddsub_clz.o)
    0x08011014   0x00000056   Code   RO         4614    x$fpl$f2d           fz_ws.l(f2d.o)
    0x0801106a   0x00000002   PAD
    0x0801106c   0x000000c4   Code   RO         4616    x$fpl$fadd          fz_ws.l(faddsub_clz.o)
    0x08011130   0x00000018   Code   RO         4698    x$fpl$fcmpinf       fz_ws.l(fcmpi.o)
    0x08011148   0x00000184   Code   RO         4623    x$fpl$fdiv          fz_ws.l(fdiv.o)
    0x080112cc   0x00000068   Code   RO         4626    x$fpl$feqf          fz_ws.l(feqf.o)
    0x08011334   0x00000036   Code   RO         4628    x$fpl$ffix          fz_ws.l(ffix.o)
    0x0801136a   0x00000002   PAD
    0x0801136c   0x0000003e   Code   RO         4632    x$fpl$ffixu         fz_ws.l(ffixu.o)
    0x080113aa   0x00000002   PAD
    0x080113ac   0x00000030   Code   RO         4637    x$fpl$fflt          fz_ws.l(fflt_clz.o)
    0x080113dc   0x00000026   Code   RO         4636    x$fpl$ffltu         fz_ws.l(fflt_clz.o)
    0x08011402   0x00000002   PAD
    0x08011404   0x00000102   Code   RO         4642    x$fpl$fmul          fz_ws.l(fmul.o)
    0x08011506   0x0000008c   Code   RO         4700    x$fpl$fnaninf       fz_ws.l(fnaninf.o)
    0x08011592   0x0000000a   Code   RO         4702    x$fpl$fretinf       fz_ws.l(fretinf.o)
    0x0801159c   0x000000ea   Code   RO         4618    x$fpl$fsub          fz_ws.l(faddsub_clz.o)
    0x08011686   0x00000004   Code   RO         4704    x$fpl$printf1       fz_ws.l(printf1.o)
    0x0801168a   0x00000000   Code   RO         4706    x$fpl$usenofp       fz_ws.l(usenofp.o)
    0x0801168a   0x000017c0   Data   RO          598    .constdata          lcd.o
    0x08012e4a   0x0000000a   Data   RO         1104    .constdata          ft5206.o
    0x08012e54   0x000000c2   Data   RO         1139    .constdata          gt9147.o
    0x08012f16   0x0000000a   Data   RO         1179    .constdata          ott2001a.o
    0x08012f20   0x00000004   Data   RO         1227    .constdata          touch.o
    0x08012f24   0x00000018   Data   RO         3405    .constdata          malloc.o
    0x08012f3c   0x0000003a   Data   RO         3744    .constdata          ff.o
    0x08012f76   0x000003c0   Data   RO         4069    .constdata          mycc936.o
    0x08013336   0x00000002   PAD
    0x08013338   0x00000010   Data   RO         4233    .constdata          fontupd.o
    0x08013348   0x00000008   Data   RO         4508    .constdata          c_w.l(_printf_wctomb.o)
    0x08013350   0x00000028   Data   RO         4535    .constdata          c_w.l(_printf_hex_int_ll_ptr.o)
    0x08013378   0x00000011   Data   RO         4555    .constdata          c_w.l(__printf_flags_ss_wp.o)
    0x08013389   0x00000003   PAD
    0x0801338c   0x00000094   Data   RO         4758    .constdata          c_w.l(bigflt0.o)
    0x08013420   0x00000079   Data   RO         1228    .conststring        touch.o
    0x08013499   0x00000003   PAD
    0x0801349c   0x00000028   Data   RO         3474    .conststring        usmart.o
    0x080134c4   0x00000090   Data   RO         3539    .conststring        usmart_config.o
    0x08013554   0x0000005f   Data   RO         4234    .conststring        fontupd.o
    0x080135b3   0x00000001   PAD
    0x080135b4   0x000000de   Data   RO         4331    .conststring        common.o
    0x08013692   0x00000002   PAD
    0x08013694   0x00000020   Data   RO         4923    Region$$Table       anon$$obj.o
    0x080136b4   0x00000110   Data   RO         4782    locale$$data        c_w.l(lc_ctype_c.o)
    0x080137c4   0x0000001c   Data   RO         4785    locale$$data        c_w.l(lc_numeric_c.o)


    Execution Region RW_IRAM1 (Base: 0x20000000, Size: 0x0000cbc8, Max: 0x00010000, ABSOLUTE, COMPRESSED[0x000000f4])

    Base Addr    Size         Type   Attr      Idx    E Section Name        Object

    0x20000000   0x00000014   Data   RW          290    .data               system_stm32f10x.o
    0x20000014   0x00000004   Data   RW          341    .data               delay.o
    0x20000018   0x00000006   Data   RW          397    .data               usart.o
    0x2000001e   0x00000001   Data   RW          549    .data               key.o
    0x2000001f   0x00000001   PAD
    0x20000020   0x00000004   Data   RW          599    .data               lcd.o
    0x20000024   0x00000010   Data   RW          819    .data               sdio_sdcard.o
    0x20000034   0x00000001   Data   RW         1105    .data               ft5206.o
    0x20000035   0x00000001   Data   RW         1140    .data               gt9147.o
    0x20000036   0x00000001   Data   RW         1180    .data               ott2001a.o
    0x20000037   0x00000001   PAD
    0x20000038   0x00000036   Data   RW         1229    .data               touch.o
    0x2000006e   0x00000002   Data   RW         1314    .data               usart3.o
    0x20000070   0x00000002   Data   RW         1364    .data               w25qxx.o
    0x20000072   0x00000014   Data   RW         1945    .data               stm32f10x_rcc.o
    0x20000086   0x00000002   PAD
    0x20000088   0x0000001c   Data   RW         3406    .data               malloc.o
    0x200000a4   0x0000001c   Data   RW         3475    .data               usmart.o
    0x200000c0   0x00000114   Data   RW         3540    .data               usmart_config.o
    0x200001d4   0x00000002   Data   RW         3632    .data               diskio.o
    0x200001d6   0x00000002   PAD
    0x200001d8   0x0000000a   Data   RW         3745    .data               ff.o
    0x200001e2   0x00000002   PAD
    0x200001e4   0x0000001c   Data   RW         4032    .data               exfuns.o
    0x20000200   0x00000085   Data   RW         4332    .data               common.o
    0x20000285   0x00000001   Data   RW         4455    .data               wifista.o
    0x20000286   0x00000002   PAD
    0x20000288   0x000000c8   Zero   RW          396    .bss                usart.o
    0x20000350   0x0000000e   Zero   RW          597    .bss                lcd.o
    0x2000035e   0x00000002   PAD
    0x20000360   0x000002c0   Zero   RW          818    .bss                sdio_sdcard.o
    0x20000620   0x000004b0   Zero   RW         1313    .bss                usart3.o
    0x20000ad0   0x00001000   Zero   RW         1363    .bss                w25qxx.o
    0x20001ad0   0x00000010   PAD
    0x20001ae0   0x0000aa00   Zero   RW         3404    .bss                malloc.o
    0x2000c4e0   0x00000021   Zero   RW         4232    .bss                fontupd.o
    0x2000c501   0x00000064   Zero   RW         4454    .bss                wifista.o
    0x2000c565   0x00000003   PAD
    0x2000c568   0x00000060   Zero   RW         4744    .bss                c_w.l(libspace.o)
    0x2000c5c8   0x00000200   Zero   RW          332    HEAP                startup_stm32f10x_hd.o
    0x2000c7c8   0x00000400   Zero   RW          331    STACK               startup_stm32f10x_hd.o



  Load Region LR$$.ARM.__AT_0x68000000 (Base: 0x68000000, Size: 0x00000000, Max: 0x000f0000, ABSOLUTE)

    Execution Region ER$$.ARM.__AT_0x68000000 (Base: 0x68000000, Size: 0x000f0000, Max: 0x000f0000, ABSOLUTE, UNINIT)

    Base Addr    Size         Type   Attr      Idx    E Section Name        Object

    0x68000000   0x000f0000   Zero   RW         3402    .ARM.__AT_0x68000000  malloc.o



  Load Region LR$$.ARM.__AT_0x680F0000 (Base: 0x680f0000, Size: 0x00000000, Max: 0x0000f000, ABSOLUTE)

    Execution Region ER$$.ARM.__AT_0x680F0000 (Base: 0x680f0000, Size: 0x0000f000, Max: 0x0000f000, ABSOLUTE, UNINIT)

    Base Addr    Size         Type   Attr      Idx    E Section Name        Object

    0x680f0000   0x0000f000   Zero   RW         3403    .ARM.__AT_0x680F0000  malloc.o


==============================================================================

Image component sizes


      Code (inc. data)   RO Data    RW Data    ZI Data      Debug   Object Name

       246          0          0          0          0       2987   24cxx.o
       176         10          0          0          0       1019   adc.o
      3404        634        222        133          0       9851   common.o
         0          0          0          0          0         32   core_cm3.o
       718        128          0          0          0       4425   ctiic.o
       220         26          0          4          0       1555   delay.o
       518         14          0          2          0       6016   diskio.o
       132         18          0         28          0       1474   exfuns.o
      6080         64         58         10          0      32587   ff.o
      1484        156        111          0         33       4806   fontupd.o
       822         36         10          1          0       3293   ft5206.o
      1114         76        194          1          0       4114   gt9147.o
       260         20          0          1          0       1090   key.o
     17670        202       6080          4         14      24155   lcd.o
        76          8          0          0          0        463   led.o
       104          6          0          0          0        989   lsens.o
       544        132          0          0          0     296455   main.o
       504         60         24         28    1088000       5593   malloc.o
       172         22          0          0          0       1913   misc.o
       208         16        960          0          0       1767   mycc936.o
       692        100          0          0          0       3926   myiic.o
       878         58         10          1          0       3771   ott2001a.o
      7246        394          0         16        704      31738   sdio_sdcard.o
       272         18          0          0          0       1657   spi.o
        64         26        304          0       1536        768   startup_stm32f10x_hd.o
       486         24          0          0          0       8074   stm32f10x_adc.o
       416          8          0          0          0       3270   stm32f10x_dma.o
       282          6          0          0          0       1705   stm32f10x_fsmc.o
       304          0          0          0          0       3456   stm32f10x_gpio.o
        26          0          0          0          0       3378   stm32f10x_it.o
       372         50          0         20          0       5848   stm32f10x_rcc.o
       304         72          0          0          0       7554   stm32f10x_sdio.o
       112          0          0          0          0       3590   stm32f10x_spi.o
       284         42          0          0          0       5880   stm32f10x_tim.o
       598         28          0          0          0       6384   stm32f10x_usart.o
         8          0          0          0          0        765   sys.o
       328         28          0         20          0       1905   system_stm32f10x.o
       730         20          0          0          0       3730   text.o
       148         16          0          0          0       1042   timer.o
      4000        268        125         54          0       9581   touch.o
       330         26          0          6        200       3904   usart.o
       400         42          0          2       1200       3074   usart3.o
      3166       1330         40         28          0       7054   usmart.o
         0          0        144        276          0       1412   usmart_config.o
      1328         20          0          0          0       7865   usmart_str.o
       760         70          0          2       4096       6257   w25qxx.o
      2146        546          0          1        100       3005   wifista.o

    ----------------------------------------------------------------------
     60176       4820       8322        648    1095904     545177   Object Totals
         0          0         32          0          0          0   (incl. Generated)
        44          0          8         10         21          0   (incl. Padding)

    ----------------------------------------------------------------------

      Code (inc. data)   RO Data    RW Data    ZI Data      Debug   Library Member Name

        24          4          0          0          0         84   __2printf.o
        44          6          0          0          0         84   __2sprintf.o
        90          0          0          0          0          0   __dczerorl2.o
         8          0          0          0          0         68   __main.o
       392          4         17          0          0         92   __printf_flags_ss_wp.o
        14          0          0          0          0         68   __printf_wp.o
         0          0          0          0          0          0   __rtentry.o
        12          0          0          0          0          0   __rtentry2.o
         6          0          0          0          0          0   __rtentry4.o
        52          8          0          0          0          0   __scatter.o
        28          0          0          0          0          0   __scatter_zi.o
         6          0          0          0          0          0   _printf_a.o
         6          0          0          0          0          0   _printf_c.o
        44          0          0          0          0        108   _printf_char.o
        48          6          0          0          0         96   _printf_char_common.o
        36          4          0          0          0         80   _printf_char_file.o
        40          0          0          0          0         68   _printf_charcount.o
         6          0          0          0          0          0   _printf_d.o
       120         16          0          0          0         92   _printf_dec.o
         6          0          0          0          0          0   _printf_e.o
         6          0          0          0          0          0   _printf_f.o
      1050          0          0          0          0        216   _printf_fp_dec.o
       128         16          0          0          0         84   _printf_fp_infnan.o
         6          0          0          0          0          0   _printf_g.o
       148          4         40          0          0        160   _printf_hex_int_ll_ptr.o
         6          0          0          0          0          0   _printf_i.o
       178          0          0          0          0         88   _printf_intcommon.o
        10          0          0          0          0          0   _printf_l.o
         6          0          0          0          0          0   _printf_lc.o
        10          0          0          0          0          0   _printf_ll.o
         6          0          0          0          0          0   _printf_lld.o
         6          0          0          0          0          0   _printf_lli.o
         6          0          0          0          0          0   _printf_llo.o
         6          0          0          0          0          0   _printf_llu.o
         6          0          0          0          0          0   _printf_llx.o
       124         16          0          0          0         92   _printf_longlong_dec.o
         6          0          0          0          0          0   _printf_ls.o
         6          0          0          0          0          0   _printf_n.o
         6          0          0          0          0          0   _printf_o.o
       112          8          0          0          0        124   _printf_oct_int_ll.o
         6          0          0          0          0          0   _printf_p.o
        78          0          0          0          0        108   _printf_pad.o
         0          0          0          0          0          0   _printf_percent.o
         4          0          0          0          0          0   _printf_percent_end.o
         6          0          0          0          0          0   _printf_s.o
        82          0          0          0          0         80   _printf_str.o
        36          0          0          0          0         84   _printf_truncate.o
         6          0          0          0          0          0   _printf_u.o
        44          0          0          0          0        108   _printf_wchar.o
       188          6          8          0          0         92   _printf_wctomb.o
         6          0          0          0          0          0   _printf_x.o
        22          0          0          0          0        100   _rserrno.o
        10          0          0          0          0         68   _sputc.o
        64          0          0          0          0         92   _wcrtomb.o
       220          4        148          0          0         96   bigflt0.o
      1910        128          0          0          0        672   btod.o
        36          4          0          0          0         76   c89vsprintf.o
        12          0          0          0          0         72   exit.o
         8          0          0          0          0         68   ferror.o
         6          0          0          0          0        152   heapauxi.o
        44         10        272          0          0         76   lc_ctype_c.o
        44         10         28          0          0         76   lc_numeric_c.o
         2          0          0          0          0          0   libinit.o
        30          0          0          0          0          0   libinit2.o
         2          0          0          0          0          0   libshutdown.o
         2          0          0          0          0          0   libshutdown2.o
         8          4          0          0         96         68   libspace.o
        72          0          0          0          0         76   llsdiv.o
       138          0          0          0          0         80   lludiv10.o
       238          0          0          0          0        100   lludivv7m.o
        16          4          0          0          0         76   rt_ctype_table.o
         8          4          0          0          0         68   rt_errno_addr_intlibspace.o
         8          4          0          0          0         68   rt_locale_intlibspace.o
       138          0          0          0          0         68   rt_memcpy_v6.o
       100          0          0          0          0         80   rt_memcpy_w.o
         2          0          0          0          0          0   rtexit.o
        10          0          0          0          0          0   rtexit2.o
        24          0          0          0          0         68   strcat.o
       128          0          0          0          0         68   strcmpv7m.o
        72          0          0          0          0         80   strcpy.o
        62          0          0          0          0         76   strlen.o
        36          0          0          0          0         80   strstr.o
        74          0          0          0          0         80   sys_stackheap_outer.o
         2          0          0          0          0         68   use_no_semi.o
         2          0          0          0          0         68   use_no_semi_2.o
       826         16          0          0          0        348   daddsub_clz.o
        24          0          0          0          0         68   dcmpi.o
        90          4          0          0          0         92   dfixu.o
        84          0          0          0          0        136   dflt_clz.o
       120          4          0          0          0         92   dleqf.o
       340         12          0          0          0        104   dmul.o
       156          4          0          0          0         92   dnaninf.o
        12          0          0          0          0         68   dretinf.o
       108          0          0          0          0         80   drleqf.o
       460         56          0          0          0        120   dsqrt_noumaal.o
        86          4          0          0          0         84   f2d.o
       430          8          0          0          0        168   faddsub_clz.o
        24          0          0          0          0         68   fcmpi.o
       388         76          0          0          0         96   fdiv.o
       104          4          0          0          0         84   feqf.o
        54          4          0          0          0         84   ffix.o
        62          4          0          0          0         84   ffixu.o
        86          0          0          0          0        136   fflt_clz.o
       258          4          0          0          0         84   fmul.o
       140          4          0          0          0         84   fnaninf.o
        10          0          0          0          0         68   fretinf.o
         4          0          0          0          0         68   printf1.o
         0          0          0          0          0          0   usenofp.o
        40          0          0          0          0         68   fpclassify.o
        76          0          0          0          0         84   sqrt.o

    ----------------------------------------------------------------------
     10826        474        516          0         96       7356   Library Totals
        24          0          3          0          0          0   (incl. Padding)

    ----------------------------------------------------------------------

      Code (inc. data)   RO Data    RW Data    ZI Data      Debug   Library Name

      6820        270        513          0         96       4896   c_w.l
      3866        204          0          0          0       2308   fz_ws.l
       116          0          0          0          0        152   m_ws.l

    ----------------------------------------------------------------------
     10826        474        516          0         96       7356   Library Totals

    ----------------------------------------------------------------------

==============================================================================


      Code (inc. data)   RO Data    RW Data    ZI Data      Debug   

     71002       5294       8838        648    1096000     532561   Grand Totals
     71002       5294       8838        244    1096000     532561   ELF Image Totals (compressed)
     71002       5294       8838        244          0          0   ROM Totals

==============================================================================

    Total RO  Size (Code + RO Data)                79840 (  77.97kB)
    Total RW  Size (RW Data + ZI Data)           1096648 (1070.95kB)
    Total ROM Size (Code + RO Data + RW Data)      80084 (  78.21kB)

==============================================================================

