<html>
<body>
<pre>
<h1>礦ision Build Log</h1>
<h2>Tool Versions:</h2>
IDE-Version: μVision V5.14.0.0
Copyright (C) 2015 ARM Ltd and ARM Germany GmbH. All rights reserved.
License Information: wang 28724, wang, LIC=GE756-DUMAA-16IQV-P9AH2-DCAL5-RAJT2
 
Tool Versions:
Toolchain:       MDK-ARM Professional  Version: 5.14.0.0
Toolchain Path:  D:\Keil\ARM\ARMCC\Bin
C Compiler:      Armcc.exe V5.05 update 1 (build 106)
Assembler:       Armasm.exe V5.05 update 1 (build 106)
Linker/Locator:  ArmLink.exe V5.05 update 1 (build 106)
Library Manager: ArmAr.exe V5.05 update 1 (build 106)
Hex Converter:   FromElf.exe V5.05 update 1 (build 106)
CPU DLL:         SARMCM3.DLL V5.14.0.0
Dialog DLL:      DARMSTM.DLL V1.65.0.0
Target DLL:      Segger\JL2CM3.dll V2.99.13.0
Dialog DLL:      TARMSTM.DLL V1.64.0.0
 
<h2>Project:</h2>
E:\killWorkspace\ESP8266\USER\ATK_ESP8266.uvprojx
Project File Date:  04/24/2018

<h2>Output:</h2>
Build target 'Target 1'
compiling wifista.c...
..\ATK-ESP8266\wifista.c(182): warning:  #225-D: the format string ends before this argument
                                                sprintf((char*)p,"CONN_LED1",ATK_ESP8266_WORKMODE_TBL[netpro],t/10);//测试数据
..\ATK-ESP8266\wifista.c(200): warning:  #225-D: the format string ends before this argument
                                        sprintf((char*)p,"1,LED1",ATK_ESP8266_WORKMODE_TBL[netpro],t/10);//测试数据
..\ATK-ESP8266\wifista.c(210): warning:  #225-D: the format string ends before this argument
                                                sprintf((char*)p,"LED1,0",ATK_ESP8266_WORKMODE_TBL[netpro],t/10);//测试数据
..\ATK-ESP8266\wifista.c(218): warning:  #225-D: the format string ends before this argument
                                                sprintf((char*)p,"LED1,1",ATK_ESP8266_WORKMODE_TBL[netpro],t/10);//测试数据
..\ATK-ESP8266\wifista.c(241): warning:  #167-D: argument of type "u8 *" is incompatible with parameter of type "const char *"
                                        if(strcmp(USART3_RX_BUF,"LED1")==0)
..\ATK-ESP8266\wifista.c(246): warning:  #225-D: the format string ends before this argument
                                                sprintf((char*)p,"LED1,0",ATK_ESP8266_WORKMODE_TBL[netpro],t/10);//测试数据
..\ATK-ESP8266\wifista.c(254): warning:  #225-D: the format string ends before this argument
                                                sprintf((char*)p,"LED1,1",ATK_ESP8266_WORKMODE_TBL[netpro],t/10);//测试数据
..\ATK-ESP8266\wifista.c: 7 warnings, 0 errors
linking...
Program Size: Code=71002 RO-data=8838 RW-data=648 ZI-data=1096000  
FromELF: creating hex file...
"..\OBJ\ATK_ESP8266.axf" - 0 Error(s), 7 Warning(s).

<h2>Collection of Component include folders:</h2>
  E:\killWorkspace\ESP8266\USER\RTE
  D:\Keil\ARM\PACK\Keil\STM32F1xx_DFP\1.0.5\Device\Include

<h2>Collection of Component Files used:</h2>
</pre>
</body>
</html>
